<html>
<body>
<pre>
<h1>µVision Build Log</h1>
<h2>Tool Versions:</h2>
IDE-Version: £gVision V5.25.2.0
Copyright (C) 2018 ARM Ltd and ARM Germany GmbH. All rights reserved.
License Information: bill will, hoyen, LIC=----
 
Tool Versions:
Toolchain:       MDK-Lite  Version: 5.25.2.0
Toolchain Path:  C:\Keil_v5\ARM\ARMCC\Bin
C Compiler:      Armcc.exe V5.06 update 6 (build 750)
Assembler:       Armasm.exe V5.06 update 6 (build 750)
Linker/Locator:  ArmLink.exe V5.06 update 6 (build 750)
Library Manager: ArmAr.exe V5.06 update 6 (build 750)
Hex Converter:   FromElf.exe V5.06 update 6 (build 750)
CPU DLL:         SARMCM3.DLL V5.25.2.0
Dialog DLL:      DARMCM1.DLL V1.19.1.0
Target DLL:      STLink\ST-LINKIII-KEIL_SWO.dll V3.0.1.0
Dialog DLL:      TARMCM1.DLL V1.14.0.0
 
<h2>Project:</h2>
C:\Users\poyantan\Desktop\STM32F0xx_StdPeriph_Lib_V1.5.0\Projects\Max7219__0710\MDK-ARM\Project.uvprojx
Project File Date:  07/10/2018

<h2>Output:</h2>
*** Using Compiler 'V5.06 update 6 (build 750)', folder: 'C:\Keil_v5\ARM\ARMCC\Bin'
Build target 'STM32F051'
compiling main.c...
..\hwconfig.h(26): warning:  #47-D: incompatible redefinition of macro "EVAL_COM1"  (declared at line 243 of "..\stm320518_eval.h")
  #define EVAL_COM1                        USART2
..\hwconfig.h(27): warning:  #47-D: incompatible redefinition of macro "EVAL_COM1_CLK"  (declared at line 244 of "..\stm320518_eval.h")
  #define EVAL_COM1_CLK                    RCC_APB1Periph_USART2
..\hwconfig.h(29): warning:  #47-D: incompatible redefinition of macro "EVAL_COM1_TX_PIN"  (declared at line 246 of "..\stm320518_eval.h")
  #define EVAL_COM1_TX_PIN                 GPIO_Pin_2
..\hwconfig.h(32): warning:  #47-D: incompatible redefinition of macro "EVAL_COM1_TX_SOURCE"  (declared at line 249 of "..\stm320518_eval.h")
  #define EVAL_COM1_TX_SOURCE              GPIO_PinSource2
..\hwconfig.h(35): warning:  #47-D: incompatible redefinition of macro "EVAL_COM1_RX_PIN"  (declared at line 252 of "..\stm320518_eval.h")
  #define EVAL_COM1_RX_PIN                 GPIO_Pin_3
..\hwconfig.h(38): warning:  #47-D: incompatible redefinition of macro "EVAL_COM1_RX_SOURCE"  (declared at line 255 of "..\stm320518_eval.h")
  #define EVAL_COM1_RX_SOURCE              GPIO_PinSource3
..\hwconfig.h(53): warning:  #47-D: incompatible redefinition of macro "EVAL_COM1_IRQn"  (declared at line 270 of "..\stm320518_eval.h")
  #define EVAL_COM1_IRQn                   USART2_IRQn
..\main.c: 7 warnings, 0 errors
linking...
Program Size: Code=2960 RO-data=352 RW-data=112 ZI-data=1048  
"STM32F051\STM32F051.axf" - 0 Error(s), 7 Warning(s).

<h2>Software Packages used:</h2>

Package Vendor: Keil
                http://www.keil.com/pack/Keil.STM32F0xx_DFP.2.0.0.pack
                Keil.STM32F0xx_DFP.2.0.0
                STMicroelectronics STM32F0 Series Device Support, Drivers and Examples

<h2>Collection of Component include folders:</h2>
  .\RTE\_STM32F051
  C:\Keil_v5\ARM\PACK\Keil\STM32F0xx_DFP\2.0.0\Drivers\CMSIS\Device\ST\STM32F0xx\Include

<h2>Collection of Component Files used:</h2>
Build Time Elapsed:  00:00:03
</pre>
</body>
</html>
