Component: ARM Compiler 5.06 update 6 (build 750) Tool: armlink [4d35ed]

==============================================================================

Section Cross References

    startup_stm32f030.o(RESET) refers to startup_stm32f030.o(STACK) for __initial_sp
    startup_stm32f030.o(RESET) refers to startup_stm32f030.o(.text) for Reset_Handler
    startup_stm32f030.o(RESET) refers to stm32f0xx_it.o(i.NMI_Handler) for NMI_Handler
    startup_stm32f030.o(RESET) refers to stm32f0xx_it.o(i.HardFault_Handler) for HardFault_Handler
    startup_stm32f030.o(RESET) refers to stm32f0xx_it.o(i.SVC_Handler) for SVC_Handler
    startup_stm32f030.o(RESET) refers to stm32f0xx_it.o(i.PendSV_Handler) for PendSV_Handler
    startup_stm32f030.o(RESET) refers to stm32f0xx_it.o(i.SysTick_Handler) for SysTick_Handler
    startup_stm32f030.o(RESET) refers to stm32f0xx_it.o(i.EXTI4_15_IRQHandler) for EXTI4_15_IRQHandler
    startup_stm32f030.o(RESET) refers to stm32f0xx_it.o(i.TIM3_IRQHandler) for TIM3_IRQHandler
    startup_stm32f030.o(.text) refers to startup_stm32f030.o(STACK) for __initial_sp
    startup_stm32f030.o(.text) refers to system_stm32f0xx.o(i.SystemInit) for SystemInit
    startup_stm32f030.o(.text) refers to entry.o(.ARM.Collect$$$$00000000) for __main
    system_stm32f0xx.o(i.SystemCoreClockUpdate) refers to uidiv.o(.text) for __aeabi_uidivmod
    system_stm32f0xx.o(i.SystemCoreClockUpdate) refers to system_stm32f0xx.o(.data) for SystemCoreClock
    system_stm32f0xx.o(i.SystemInit) refers to system_stm32f0xx.o(i.SetSysClock) for SetSysClock
    main.o(i.Delay_ms) refers to main.o(.data) for TimingDelay_ms
    main.o(i.Display) refers to main.o(i.transferangle) for transferangle
    main.o(i.Display) refers to main.o(i.Write_Max7219) for Write_Max7219
    main.o(i.Display_2) refers to main.o(i.transferangle) for transferangle
    main.o(i.Display_2) refers to main.o(i.Write_Max7219_2) for Write_Max7219_2
    main.o(i.GPIO_SCAN_Config) refers to stm32f0xx_rcc.o(i.RCC_AHBPeriphClockCmd) for RCC_AHBPeriphClockCmd
    main.o(i.GPIO_SCAN_Config) refers to stm32f0xx_gpio.o(i.GPIO_Init) for GPIO_Init
    main.o(i.GPIO_SCAN_Config) refers to stm32f0xx_gpio.o(i.GPIO_SetBits) for GPIO_SetBits
    main.o(i.GPIO_SCAN_Config) refers to main.o(.data) for GPIO_InitStructure
    main.o(i.Max7219_2_Init) refers to main.o(i.Write_Max7219_2) for Write_Max7219_2
    main.o(i.Max7219_2_Init) refers to main.o(i.clear_2) for clear_2
    main.o(i.Max7219_Init) refers to main.o(i.Write_Max7219) for Write_Max7219
    main.o(i.Max7219_Init) refers to main.o(i.clear) for clear
    main.o(i.SPI1_Config) refers to stm32f0xx_rcc.o(i.RCC_APB2PeriphClockCmd) for RCC_APB2PeriphClockCmd
    main.o(i.SPI1_Config) refers to stm32f0xx_rcc.o(i.RCC_AHBPeriphClockCmd) for RCC_AHBPeriphClockCmd
    main.o(i.SPI1_Config) refers to stm32f0xx_gpio.o(i.GPIO_PinAFConfig) for GPIO_PinAFConfig
    main.o(i.SPI1_Config) refers to stm32f0xx_gpio.o(i.GPIO_Init) for GPIO_Init
    main.o(i.SPI1_Config) refers to stm32f0xx_spi.o(i.SPI_I2S_DeInit) for SPI_I2S_DeInit
    main.o(i.SPI1_Config) refers to stm32f0xx_spi.o(i.SPI_Init) for SPI_Init
    main.o(i.SPI1_Config) refers to stm32f0xx_misc.o(i.NVIC_Init) for NVIC_Init
    main.o(i.SPI1_Config) refers to main.o(.bss) for SPI_InitStructure
    main.o(i.SPICS1_Config) refers to stm32f0xx_rcc.o(i.RCC_AHBPeriphClockCmd) for RCC_AHBPeriphClockCmd
    main.o(i.SPICS1_Config) refers to stm32f0xx_gpio.o(i.GPIO_Init) for GPIO_Init
    main.o(i.SPICS1_Config) refers to stm32f0xx_gpio.o(i.GPIO_SetBits) for GPIO_SetBits
    main.o(i.SPICS1_Config) refers to main.o(.data) for GPIO_InitStructure
    main.o(i.SPICS2_Config) refers to stm32f0xx_rcc.o(i.RCC_AHBPeriphClockCmd) for RCC_AHBPeriphClockCmd
    main.o(i.SPICS2_Config) refers to stm32f0xx_gpio.o(i.GPIO_Init) for GPIO_Init
    main.o(i.SPICS2_Config) refers to stm32f0xx_gpio.o(i.GPIO_SetBits) for GPIO_SetBits
    main.o(i.SPICS2_Config) refers to main.o(.data) for GPIO_InitStructure
    main.o(i.TIM_Config) refers to stm32f0xx_rcc.o(i.RCC_APB1PeriphClockCmd) for RCC_APB1PeriphClockCmd
    main.o(i.TIM_Config) refers to stm32f0xx_rcc.o(i.RCC_AHBPeriphClockCmd) for RCC_AHBPeriphClockCmd
    main.o(i.TIM_Config) refers to stm32f0xx_gpio.o(i.GPIO_Init) for GPIO_Init
    main.o(i.TIM_Config) refers to stm32f0xx_gpio.o(i.GPIO_PinAFConfig) for GPIO_PinAFConfig
    main.o(i.TIM_Config) refers to stm32f0xx_misc.o(i.NVIC_Init) for NVIC_Init
    main.o(i.TIM_Config) refers to stm32f0xx_tim.o(i.TIM_TimeBaseInit) for TIM_TimeBaseInit
    main.o(i.TIM_Config) refers to stm32f0xx_tim.o(i.TIM_OC1Init) for TIM_OC1Init
    main.o(i.TIM_Config) refers to stm32f0xx_tim.o(i.TIM_OC1PreloadConfig) for TIM_OC1PreloadConfig
    main.o(i.TIM_Config) refers to stm32f0xx_tim.o(i.TIM_ITConfig) for TIM_ITConfig
    main.o(i.TIM_Config) refers to main.o(.data) for PrescalerValue
    main.o(i.TimingDelay_ms_Decrement) refers to main.o(.data) for TimingDelay_ms
[...]
    stm32072b_eval.o(i.STM_EVAL_PBInit) refers to stm32072b_eval.o(.data) for BUTTON_PORT
    stm32072b_eval.o(i.STM_SPI_WriteRead) refers to stm32f0xx_spi.o(i.SPI_I2S_GetFlagStatus) for SPI_I2S_GetFlagStatus
    stm32072b_eval.o(i.STM_SPI_WriteRead) refers to stm32f0xx_spi.o(i.SPI_SendData8) for SPI_SendData8
    stm32072b_eval.o(i.STM_SPI_WriteRead) refers to stm32f0xx_spi.o(i.SPI_ReceiveData8) for SPI_ReceiveData8
    stm32072b_eval.o(i.sEE_LowLevel_DeInit) refers to stm32f0xx_i2c.o(i.I2C_Cmd) for I2C_Cmd
    stm32072b_eval.o(i.sEE_LowLevel_DeInit) refers to stm32f0xx_i2c.o(i.I2C_DeInit) for I2C_DeInit
    stm32072b_eval.o(i.sEE_LowLevel_DeInit) refers to stm32f0xx_rcc.o(i.RCC_APB1PeriphClockCmd) for RCC_APB1PeriphClockCmd
    stm32072b_eval.o(i.sEE_LowLevel_DeInit) refers to stm32f0xx_gpio.o(i.GPIO_Init) for GPIO_Init
    stm32072b_eval.o(i.sEE_LowLevel_Init) refers to stm32f0xx_rcc.o(i.RCC_I2CCLKConfig) for RCC_I2CCLKConfig
    stm32072b_eval.o(i.sEE_LowLevel_Init) refers to stm32f0xx_rcc.o(i.RCC_AHBPeriphClockCmd) for RCC_AHBPeriphClockCmd
    stm32072b_eval.o(i.sEE_LowLevel_Init) refers to stm32f0xx_rcc.o(i.RCC_APB1PeriphClockCmd) for RCC_APB1PeriphClockCmd
    stm32072b_eval.o(i.sEE_LowLevel_Init) refers to stm32f0xx_gpio.o(i.GPIO_PinAFConfig) for GPIO_PinAFConfig
    stm32072b_eval.o(i.sEE_LowLevel_Init) refers to stm32f0xx_gpio.o(i.GPIO_Init) for GPIO_Init
    key.o(i.GetKey) refers to key.o(.bss) for keyStruc
    key.o(i.HAL_GPIO_EXTI_Callback) refers to key.o(i.SetKeyColumnAsInput) for SetKeyColumnAsInput
    key.o(i.HAL_GPIO_EXTI_Callback) refers to stm32f0xx_gpio.o(i.GPIO_ResetBits) for GPIO_ResetBits
    key.o(i.HAL_GPIO_EXTI_Callback) refers to stm32f0xx_tim.o(i.TIM_Cmd) for TIM_Cmd
    key.o(i.HAL_GPIO_EXTI_Callback) refers to stm32f0xx_tim.o(i.TIM_ITConfig) for TIM_ITConfig
    key.o(i.HAL_GPIO_EXTI_Callback) refers to stm32f0xx_tim.o(i.TIM_TimeBaseInit) for TIM_TimeBaseInit
    key.o(i.HAL_GPIO_EXTI_Callback) refers to key.o(.data) for Key_Col
    key.o(i.HAL_GPIO_EXTI_Callback) refers to key.o(.bss) for keyStruc
    key.o(i.HAL_TIM_PeriodElapsedCallback) refers to stm32f0xx_gpio.o(i.GPIO_ResetBits) for GPIO_ResetBits
    key.o(i.HAL_TIM_PeriodElapsedCallback) refers to stm32f0xx_gpio.o(i.GPIO_SetBits) for GPIO_SetBits
    key.o(i.HAL_TIM_PeriodElapsedCallback) refers to stm32f0xx_gpio.o(i.GPIO_ReadInputDataBit) for GPIO_ReadInputDataBit
    key.o(i.HAL_TIM_PeriodElapsedCallback) refers to idiv.o(.text) for __aeabi_idivmod
    key.o(i.HAL_TIM_PeriodElapsedCallback) refers to stm32f0xx_tim.o(i.TIM_Cmd) for TIM_Cmd
    key.o(i.HAL_TIM_PeriodElapsedCallback) refers to stm32f0xx_tim.o(i.TIM_ITConfig) for TIM_ITConfig
    key.o(i.HAL_TIM_PeriodElapsedCallback) refers to stm32f0xx_tim.o(i.TIM_TimeBaseInit) for TIM_TimeBaseInit
    key.o(i.HAL_TIM_PeriodElapsedCallback) refers to memseta.o(.text) for __aeabi_memclr
    key.o(i.HAL_TIM_PeriodElapsedCallback) refers to key.o(i.SetKeyColumnAsEXTI) for SetKeyColumnAsEXTI
    key.o(i.HAL_TIM_PeriodElapsedCallback) refers to key.o(.bss) for keyStruc
    key.o(i.HAL_TIM_PeriodElapsedCallback) refers to key.o(.data) for keyScanStep
    key.o(i.HAL_TIM_PeriodElapsedCallback) refers to key.o(.constdata) for ROW_GPIO_Pin
    key.o(i.KEY_ClearLongPressCallback) refers to key.o(.bss) for keyStruc
    key.o(i.KEY_ClearShortPressCallback) refers to key.o(.bss) for keyStruc
    key.o(i.KEY_SetLongPressCallback) refers to key.o(.bss) for keyStruc
    key.o(i.KEY_SetShortPressCallback) refers to key.o(.bss) for keyStruc
    key.o(i.Key_Init) refers to key.o(i.SetKeyColumnAsEXTI) for SetKeyColumnAsEXTI
    key.o(i.Key_Init) refers to key.o(i.ResetKeyStructure) for ResetKeyStructure
    key.o(i.ResetKeyStructure) refers to key.o(.bss) for keyStruc
    key.o(i.SetKeyColumnAsEXTI) refers to stm32f0xx_rcc.o(i.RCC_AHBPeriphClockCmd) for RCC_AHBPeriphClockCmd
    key.o(i.SetKeyColumnAsEXTI) refers to stm32f0xx_rcc.o(i.RCC_APB2PeriphClockCmd) for RCC_APB2PeriphClockCmd
    key.o(i.SetKeyColumnAsEXTI) refers to stm32f0xx_gpio.o(i.GPIO_Init) for GPIO_Init
    key.o(i.SetKeyColumnAsEXTI) refers to stm32f0xx_syscfg.o(i.SYSCFG_EXTILineConfig) for SYSCFG_EXTILineConfig
    key.o(i.SetKeyColumnAsEXTI) refers to stm32f0xx_exti.o(i.EXTI_Init) for EXTI_Init
    key.o(i.SetKeyColumnAsEXTI) refers to stm32f0xx_misc.o(i.NVIC_Init) for NVIC_Init
    key.o(i.SetKeyColumnAsInput) refers to stm32f0xx_rcc.o(i.RCC_AHBPeriphClockCmd) for RCC_AHBPeriphClockCmd
    key.o(i.SetKeyColumnAsInput) refers to stm32f0xx_rcc.o(i.RCC_APB2PeriphClockCmd) for RCC_APB2PeriphClockCmd
    key.o(i.SetKeyColumnAsInput) refers to stm32f0xx_gpio.o(i.GPIO_Init) for GPIO_Init
    key.o(i.SetKeyColumnAsInput) refers to stm32f0xx_syscfg.o(i.SYSCFG_EXTILineConfig) for SYSCFG_EXTILineConfig
    key.o(i.SetKeyColumnAsInput) refers to stm32f0xx_exti.o(i.EXTI_Init) for EXTI_Init
    key.o(i.SetKeyColumnAsInput) refers to stm32f0xx_misc.o(i.NVIC_Init) for NVIC_Init
    stm32f0xx_pwr.o(i.PWR_DeInit) refers to stm32f0xx_rcc.o(i.RCC_APB1PeriphResetCmd) for RCC_APB1PeriphResetCmd
    stm32f0xx_spi.o(i.I2S_Init) refers to stm32f0xx_rcc.o(i.RCC_GetClocksFreq) for RCC_GetClocksFreq
    stm32f0xx_spi.o(i.I2S_Init) refers to uidiv.o(.text) for __aeabi_uidivmod
    stm32f0xx_spi.o(i.SPI_I2S_DeInit) refers to stm32f0xx_rcc.o(i.RCC_APB2PeriphResetCmd) for RCC_APB2PeriphResetCmd
    stm32f0xx_spi.o(i.SPI_I2S_DeInit) refers to stm32f0xx_rcc.o(i.RCC_APB1PeriphResetCmd) for RCC_APB1PeriphResetCmd
    stm32f0xx_usart.o(i.USART_DeInit) refers to stm32f0xx_rcc.o(i.RCC_APB2PeriphResetCmd) for RCC_APB2PeriphResetCmd
    stm32f0xx_usart.o(i.USART_DeInit) refers to stm32f0xx_rcc.o(i.RCC_APB1PeriphResetCmd) for RCC_APB1PeriphResetCmd
    stm32f0xx_usart.o(i.USART_Init) refers to stm32f0xx_rcc.o(i.RCC_GetClocksFreq) for RCC_GetClocksFreq
    stm32f0xx_usart.o(i.USART_Init) refers to uidiv.o(.text) for __aeabi_uidivmod
    stm32f0xx_flash.o(i.FLASH_EraseAllPages) refers to stm32f0xx_flash.o(i.FLASH_WaitForLastOperation) for FLASH_WaitForLastOperation
    stm32f0xx_flash.o(i.FLASH_ErasePage) refers to stm32f0xx_flash.o(i.FLASH_WaitForLastOperation) for FLASH_WaitForLastOperation
    stm32f0xx_flash.o(i.FLASH_OB_BOOT0Config) refers to stm32f0xx_flash.o(i.FLASH_WaitForLastOperation) for FLASH_WaitForLastOperation
    stm32f0xx_flash.o(i.FLASH_OB_BOOT0SWConfig) refers to stm32f0xx_flash.o(i.FLASH_WaitForLastOperation) for FLASH_WaitForLastOperation
    stm32f0xx_flash.o(i.FLASH_OB_BOOTConfig) refers to stm32f0xx_flash.o(i.FLASH_WaitForLastOperation) for FLASH_WaitForLastOperation
    stm32f0xx_flash.o(i.FLASH_OB_EnableWRP) refers to stm32f0xx_flash.o(i.FLASH_WaitForLastOperation) for FLASH_WaitForLastOperation
    stm32f0xx_flash.o(i.FLASH_OB_Erase) refers to stm32f0xx_flash.o(i.FLASH_OB_GetRDP) for FLASH_OB_GetRDP
    stm32f0xx_flash.o(i.FLASH_OB_Erase) refers to stm32f0xx_flash.o(i.FLASH_WaitForLastOperation) for FLASH_WaitForLastOperation
    stm32f0xx_flash.o(i.FLASH_OB_ProgramData) refers to stm32f0xx_flash.o(i.FLASH_WaitForLastOperation) for FLASH_WaitForLastOperation
    stm32f0xx_flash.o(i.FLASH_OB_RDPConfig) refers to stm32f0xx_flash.o(i.FLASH_WaitForLastOperation) for FLASH_WaitForLastOperation
    stm32f0xx_flash.o(i.FLASH_OB_SRAMParityConfig) refers to stm32f0xx_flash.o(i.FLASH_WaitForLastOperation) for FLASH_WaitForLastOperation
    stm32f0xx_flash.o(i.FLASH_OB_UserConfig) refers to stm32f0xx_flash.o(i.FLASH_WaitForLastOperation) for FLASH_WaitForLastOperation
    stm32f0xx_flash.o(i.FLASH_OB_VDDAConfig) refers to stm32f0xx_flash.o(i.FLASH_WaitForLastOperation) for FLASH_WaitForLastOperation
    stm32f0xx_flash.o(i.FLASH_OB_WriteUser) refers to stm32f0xx_flash.o(i.FLASH_WaitForLastOperation) for FLASH_WaitForLastOperation
    stm32f0xx_flash.o(i.FLASH_ProgramHalfWord) refers to stm32f0xx_flash.o(i.FLASH_WaitForLastOperation) for FLASH_WaitForLastOperation
    stm32f0xx_flash.o(i.FLASH_ProgramWord) refers to stm32f0xx_flash.o(i.FLASH_WaitForLastOperation) for FLASH_WaitForLastOperation
    stm32f0xx_flash.o(i.FLASH_WaitForLastOperation) refers to stm32f0xx_flash.o(i.FLASH_GetStatus) for FLASH_GetStatus
    stm32f0xx_adc.o(i.ADC_DeInit) refers to stm32f0xx_rcc.o(i.RCC_APB2PeriphResetCmd) for RCC_APB2PeriphResetCmd
    stm32f0xx_rcc.o(i.RCC_GetClocksFreq) refers to uidiv.o(.text) for __aeabi_uidivmod
    stm32f0xx_rcc.o(i.RCC_GetClocksFreq) refers to stm32f0xx_rcc.o(.data) for APBAHBPrescTable
    stm32f0xx_rcc.o(i.RCC_WaitForHSEStartUp) refers to stm32f0xx_rcc.o(i.RCC_GetFlagStatus) for RCC_GetFlagStatus
    stm32f0xx_rtc.o(i.RTC_DeInit) refers to stm32f0xx_rtc.o(i.RTC_EnterInitMode) for RTC_EnterInitMode
    stm32f0xx_rtc.o(i.RTC_DeInit) refers to stm32f0xx_rtc.o(i.RTC_WaitForSynchro) for RTC_WaitForSynchro
    stm32f0xx_rtc.o(i.RTC_GetAlarm) refers to stm32f0xx_rtc.o(i.RTC_Bcd2ToByte) for RTC_Bcd2ToByte
    stm32f0xx_rtc.o(i.RTC_GetDate) refers to stm32f0xx_rtc.o(i.RTC_Bcd2ToByte) for RTC_Bcd2ToByte
    stm32f0xx_rtc.o(i.RTC_GetTime) refers to stm32f0xx_rtc.o(i.RTC_Bcd2ToByte) for RTC_Bcd2ToByte
    stm32f0xx_rtc.o(i.RTC_GetTimeStamp) refers to stm32f0xx_rtc.o(i.RTC_Bcd2ToByte) for RTC_Bcd2ToByte
    stm32f0xx_rtc.o(i.RTC_Init) refers to stm32f0xx_rtc.o(i.RTC_EnterInitMode) for RTC_EnterInitMode
    stm32f0xx_rtc.o(i.RTC_Init) refers to stm32f0xx_rtc.o(i.RTC_ExitInitMode) for RTC_ExitInitMode
    stm32f0xx_rtc.o(i.RTC_RefClockCmd) refers to stm32f0xx_rtc.o(i.RTC_EnterInitMode) for RTC_EnterInitMode
    stm32f0xx_rtc.o(i.RTC_RefClockCmd) refers to stm32f0xx_rtc.o(i.RTC_ExitInitMode) for RTC_ExitInitMode
    stm32f0xx_rtc.o(i.RTC_SetAlarm) refers to stm32f0xx_rtc.o(i.RTC_Bcd2ToByte) for RTC_Bcd2ToByte
    stm32f0xx_rtc.o(i.RTC_SetAlarm) refers to stm32f0xx_rtc.o(i.RTC_ByteToBcd2) for RTC_ByteToBcd2
    stm32f0xx_rtc.o(i.RTC_SetDate) refers to stm32f0xx_rtc.o(i.RTC_Bcd2ToByte) for RTC_Bcd2ToByte
    stm32f0xx_rtc.o(i.RTC_SetDate) refers to stm32f0xx_rtc.o(i.RTC_ByteToBcd2) for RTC_ByteToBcd2
    stm32f0xx_rtc.o(i.RTC_SetDate) refers to stm32f0xx_rtc.o(i.RTC_EnterInitMode) for RTC_EnterInitMode
    stm32f0xx_rtc.o(i.RTC_SetDate) refers to stm32f0xx_rtc.o(i.RTC_ExitInitMode) for RTC_ExitInitMode
    stm32f0xx_rtc.o(i.RTC_SetDate) refers to stm32f0xx_rtc.o(i.RTC_WaitForSynchro) for RTC_WaitForSynchro
    stm32f0xx_rtc.o(i.RTC_SetTime) refers to stm32f0xx_rtc.o(i.RTC_Bcd2ToByte) for RTC_Bcd2ToByte
    stm32f0xx_rtc.o(i.RTC_SetTime) refers to stm32f0xx_rtc.o(i.RTC_ByteToBcd2) for RTC_ByteToBcd2
    stm32f0xx_rtc.o(i.RTC_SetTime) refers to stm32f0xx_rtc.o(i.RTC_EnterInitMode) for RTC_EnterInitMode
    stm32f0xx_rtc.o(i.RTC_SetTime) refers to stm32f0xx_rtc.o(i.RTC_ExitInitMode) for RTC_ExitInitMode
    stm32f0xx_rtc.o(i.RTC_SetTime) refers to stm32f0xx_rtc.o(i.RTC_WaitForSynchro) for RTC_WaitForSynchro
    stm32f0xx_rtc.o(i.RTC_SynchroShiftConfig) refers to stm32f0xx_rtc.o(i.RTC_WaitForSynchro) for RTC_WaitForSynchro
    stm32f0xx_gpio.o(i.GPIO_DeInit) refers to stm32f0xx_rcc.o(i.RCC_AHBPeriphResetCmd) for RCC_AHBPeriphResetCmd
    stm32f0xx_wwdg.o(i.WWDG_DeInit) refers to stm32f0xx_rcc.o(i.RCC_APB1PeriphResetCmd) for RCC_APB1PeriphResetCmd
    stm32f0xx_i2c.o(i.I2C_DeInit) refers to stm32f0xx_rcc.o(i.RCC_APB1PeriphResetCmd) for RCC_APB1PeriphResetCmd
    stm32f0xx_tim.o(i.TIM_DeInit) refers to stm32f0xx_rcc.o(i.RCC_APB2PeriphResetCmd) for RCC_APB2PeriphResetCmd
    stm32f0xx_tim.o(i.TIM_DeInit) refers to stm32f0xx_rcc.o(i.RCC_APB1PeriphResetCmd) for RCC_APB1PeriphResetCmd
    stm32f0xx_tim.o(i.TIM_ETRClockMode1Config) refers to stm32f0xx_tim.o(i.TIM_ETRConfig) for TIM_ETRConfig
    stm32f0xx_tim.o(i.TIM_ETRClockMode2Config) refers to stm32f0xx_tim.o(i.TIM_ETRConfig) for TIM_ETRConfig
    stm32f0xx_tim.o(i.TIM_ICInit) refers to stm32f0xx_tim.o(i.TI1_Config) for TI1_Config
    stm32f0xx_tim.o(i.TIM_ICInit) refers to stm32f0xx_tim.o(i.TIM_SetIC1Prescaler) for TIM_SetIC1Prescaler
    stm32f0xx_tim.o(i.TIM_ICInit) refers to stm32f0xx_tim.o(i.TI2_Config) for TI2_Config
    stm32f0xx_tim.o(i.TIM_ICInit) refers to stm32f0xx_tim.o(i.TIM_SetIC2Prescaler) for TIM_SetIC2Prescaler
    stm32f0xx_tim.o(i.TIM_ICInit) refers to stm32f0xx_tim.o(i.TI3_Config) for TI3_Config
    stm32f0xx_tim.o(i.TIM_ICInit) refers to stm32f0xx_tim.o(i.TIM_SetIC3Prescaler) for TIM_SetIC3Prescaler
    stm32f0xx_tim.o(i.TIM_ICInit) refers to stm32f0xx_tim.o(i.TI4_Config) for TI4_Config
    stm32f0xx_tim.o(i.TIM_ICInit) refers to stm32f0xx_tim.o(i.TIM_SetIC4Prescaler) for TIM_SetIC4Prescaler
    stm32f0xx_tim.o(i.TIM_ITRxExternalClockConfig) refers to stm32f0xx_tim.o(i.TIM_SelectInputTrigger) for TIM_SelectInputTrigger
    stm32f0xx_tim.o(i.TIM_PWMIConfig) refers to stm32f0xx_tim.o(i.TI1_Config) for TI1_Config
    stm32f0xx_tim.o(i.TIM_PWMIConfig) refers to stm32f0xx_tim.o(i.TIM_SetIC1Prescaler) for TIM_SetIC1Prescaler
    stm32f0xx_tim.o(i.TIM_PWMIConfig) refers to stm32f0xx_tim.o(i.TI2_Config) for TI2_Config
    stm32f0xx_tim.o(i.TIM_PWMIConfig) refers to stm32f0xx_tim.o(i.TIM_SetIC2Prescaler) for TIM_SetIC2Prescaler
    stm32f0xx_tim.o(i.TIM_TIxExternalClockConfig) refers to stm32f0xx_tim.o(i.TI2_Config) for TI2_Config
    stm32f0xx_tim.o(i.TIM_TIxExternalClockConfig) refers to stm32f0xx_tim.o(i.TI1_Config) for TI1_Config
    stm32f0xx_tim.o(i.TIM_TIxExternalClockConfig) refers to stm32f0xx_tim.o(i.TIM_SelectInputTrigger) for TIM_SelectInputTrigger
    entry.o(.ARM.Collect$$$$00000000) refers (Special) to entry10a.o(.ARM.Collect$$$$0000000D) for __rt_final_cpp
    entry.o(.ARM.Collect$$$$00000000) refers (Special) to entry11a.o(.ARM.Collect$$$$0000000F) for __rt_final_exit
    entry.o(.ARM.Collect$$$$00000000) refers (Special) to entry7b.o(.ARM.Collect$$$$00000008) for _main_clock
    entry.o(.ARM.Collect$$$$00000000) refers (Special) to entry8b.o(.ARM.Collect$$$$0000000A) for _main_cpp_init
    entry.o(.ARM.Collect$$$$00000000) refers (Special) to entry9a.o(.ARM.Collect$$$$0000000B) for _main_init
    entry.o(.ARM.Collect$$$$00000000) refers (Special) to entry5.o(.ARM.Collect$$$$00000004) for _main_scatterload
    entry.o(.ARM.Collect$$$$00000000) refers (Special) to entry2.o(.ARM.Collect$$$$00000001) for _main_stk
    idiv.o(.text) refers to uidiv.o(.text) for __aeabi_uidivmod
    entry2.o(.ARM.Collect$$$$00000001) refers to entry2.o(.ARM.Collect$$$$00002712) for __lit__00000000
    entry2.o(.ARM.Collect$$$$00002712) refers to startup_stm32f030.o(STACK) for __initial_sp
    entry2.o(__vectab_stack_and_reset_area) refers to startup_stm32f030.o(STACK) for __initial_sp
    entry2.o(__vectab_stack_and_reset_area) refers to entry.o(.ARM.Collect$$$$00000000) for __main
    entry5.o(.ARM.Collect$$$$00000004) refers to init.o(.text) for __scatterload
    entry9a.o(.ARM.Collect$$$$0000000B) refers to main.o(i.main) for main
    entry9b.o(.ARM.Collect$$$$0000000C) refers to main.o(i.main) for main
    init.o(.text) refers to entry5.o(.ARM.Collect$$$$00000004) for __main_after_scatterload


==============================================================================

Removing Unused input sections from the image.

    Removing startup_stm32f030.o(HEAP), (512 bytes).
    Removing system_stm32f0xx.o(.rev16_text), (4 bytes).
    Removing system_stm32f0xx.o(.revsh_text), (4 bytes).
    Removing system_stm32f0xx.o(i.SystemCoreClockUpdate), (176 bytes).
    Removing main.o(.rev16_text), (4 bytes).
    Removing main.o(.revsh_text), (4 bytes).
    Removing main.o(i.Display), (42 bytes).
    Removing main.o(i.Display_2), (42 bytes).
    Removing main.o(i.setDot), (176 bytes).
    Removing main.o(i.shift), (104 bytes).
    Removing main.o(i.transferangle), (120 bytes).
    Removing main.o(.constdata), (32 bytes).
    Removing stm32f0xx_it.o(.rev16_text), (4 bytes).
    Removing stm32f0xx_it.o(.revsh_text), (4 bytes).
    Removing stm32f0xx_it.o(.data), (2 bytes).
    Removing stm32072b_eval.o(.rev16_text), (4 bytes).
    Removing stm32072b_eval.o(.revsh_text), (4 bytes).
    Removing stm32072b_eval.o(i.LM75_LowLevel_DeInit), (80 bytes).
    Removing stm32072b_eval.o(i.LM75_LowLevel_Init), (116 bytes).
    Removing stm32072b_eval.o(i.SD_LowLevel_DeInit), (120 bytes).
    Removing stm32072b_eval.o(i.SD_LowLevel_Init), (252 bytes).
    Removing stm32072b_eval.o(i.STM_EVAL_COMInit), (216 bytes).
    Removing stm32072b_eval.o(i.STM_EVAL_LEDInit), (80 bytes).
    Removing stm32072b_eval.o(i.STM_EVAL_LEDOff), (24 bytes).
    Removing stm32072b_eval.o(i.STM_EVAL_LEDOn), (24 bytes).
    Removing stm32072b_eval.o(i.STM_EVAL_LEDToggle), (36 bytes).
    Removing stm32072b_eval.o(i.STM_EVAL_PBGetState), (32 bytes).
    Removing stm32072b_eval.o(i.STM_EVAL_PBInit), (176 bytes).
    Removing stm32072b_eval.o(i.STM_SPI_WriteRead), (60 bytes).
    Removing stm32072b_eval.o(i.sEE_LowLevel_DeInit), (68 bytes).
    Removing stm32072b_eval.o(i.sEE_LowLevel_Init), (92 bytes).
    Removing stm32072b_eval.o(.constdata), (132 bytes).
    Removing stm32072b_eval.o(.data), (52 bytes).
    Removing key.o(.rev16_text), (4 bytes).
    Removing key.o(.revsh_text), (4 bytes).
    Removing key.o(i.KEY_ClearLongPressCallback), (16 bytes).
    Removing key.o(i.KEY_ClearShortPressCallback), (16 bytes).
    Removing key.o(i.KEY_SetLongPressCallback), (12 bytes).
    Removing key.o(i.KEY_SetShortPressCallback), (12 bytes).
    Removing key.o(i.Key_DeInit), (2 bytes).
    Removing stm32f0xx_pwr.o(.rev16_text), (4 bytes).
    Removing stm32f0xx_pwr.o(.revsh_text), (4 bytes).
    Removing stm32f0xx_pwr.o(i.PWR_BackupAccessCmd), (40 bytes).
    Removing stm32f0xx_pwr.o(i.PWR_ClearFlag), (20 bytes).
    Removing stm32f0xx_pwr.o(i.PWR_DeInit), (22 bytes).
    Removing stm32f0xx_pwr.o(i.PWR_EnterSTANDBYMode), (36 bytes).
    Removing stm32f0xx_pwr.o(i.PWR_EnterSTOPMode), (100 bytes).
    Removing stm32f0xx_pwr.o(i.PWR_EnterSleepMode), (32 bytes).
    Removing stm32f0xx_pwr.o(i.PWR_GetFlagStatus), (28 bytes).
    Removing stm32f0xx_pwr.o(i.PWR_PVDCmd), (36 bytes).
    Removing stm32f0xx_pwr.o(i.PWR_PVDLevelConfig), (32 bytes).
    Removing stm32f0xx_pwr.o(i.PWR_WakeUpPinCmd), (32 bytes).
    Removing stm32f0xx_exti.o(.rev16_text), (4 bytes).
    Removing stm32f0xx_exti.o(.revsh_text), (4 bytes).
    Removing stm32f0xx_exti.o(i.EXTI_ClearFlag), (12 bytes).
    Removing stm32f0xx_exti.o(i.EXTI_DeInit), (32 bytes).
    Removing stm32f0xx_exti.o(i.EXTI_GenerateSWInterrupt), (16 bytes).
    Removing stm32f0xx_exti.o(i.EXTI_GetFlagStatus), (28 bytes).
    Removing stm32f0xx_exti.o(i.EXTI_StructInit), (16 bytes).
    Removing stm32f0xx_syscfg.o(.rev16_text), (4 bytes).
    Removing stm32f0xx_syscfg.o(.revsh_text), (4 bytes).
    Removing stm32f0xx_syscfg.o(i.SYSCFG_BreakConfig), (16 bytes).
    Removing stm32f0xx_syscfg.o(i.SYSCFG_ClearFlag), (16 bytes).
    Removing stm32f0xx_syscfg.o(i.SYSCFG_DMAChannelRemapConfig), (32 bytes).
    Removing stm32f0xx_syscfg.o(i.SYSCFG_DeInit), (44 bytes).
    Removing stm32f0xx_syscfg.o(i.SYSCFG_GetFlagStatus), (32 bytes).
    Removing stm32f0xx_syscfg.o(i.SYSCFG_GetPendingIT), (24 bytes).
    Removing stm32f0xx_syscfg.o(i.SYSCFG_I2CFastModePlusConfig), (32 bytes).
    Removing stm32f0xx_syscfg.o(i.SYSCFG_IRDAEnvSelection), (28 bytes).
    Removing stm32f0xx_syscfg.o(i.SYSCFG_MemoryRemapConfig), (28 bytes).
    Removing stm32f0xx_spi.o(.rev16_text), (4 bytes).
    Removing stm32f0xx_spi.o(.revsh_text), (4 bytes).
    Removing stm32f0xx_spi.o(i.I2S_Cmd), (32 bytes).
    Removing stm32f0xx_spi.o(i.I2S_Init), (232 bytes).
    Removing stm32f0xx_spi.o(i.I2S_StructInit), (20 bytes).
    Removing stm32f0xx_spi.o(i.SPI_BiDirectionalLineConfig), (32 bytes).
    Removing stm32f0xx_spi.o(i.SPI_CRCLengthConfig), (20 bytes).
    Removing stm32f0xx_spi.o(i.SPI_CalculateCRC), (32 bytes).
    Removing stm32f0xx_spi.o(i.SPI_DataSizeConfig), (24 bytes).
    Removing stm32f0xx_spi.o(i.SPI_GetCRC), (16 bytes).
    Removing stm32f0xx_spi.o(i.SPI_GetCRCPolynomial), (6 bytes).
    Removing stm32f0xx_spi.o(i.SPI_GetReceptionFIFOStatus), (12 bytes).
    Removing stm32f0xx_spi.o(i.SPI_GetTransmissionFIFOStatus), (12 bytes).
    Removing stm32f0xx_spi.o(i.SPI_I2S_ClearFlag), (6 bytes).
    Removing stm32f0xx_spi.o(i.SPI_I2S_DMACmd), (20 bytes).
    Removing stm32f0xx_spi.o(i.SPI_I2S_GetITStatus), (56 bytes).
    Removing stm32f0xx_spi.o(i.SPI_I2S_ITConfig), (34 bytes).
    Removing stm32f0xx_spi.o(i.SPI_I2S_ReceiveData16), (6 bytes).
    Removing stm32f0xx_spi.o(i.SPI_LastDMATransferCmd), (20 bytes).
    Removing stm32f0xx_spi.o(i.SPI_NSSInternalSoftwareConfig), (32 bytes).
    Removing stm32f0xx_spi.o(i.SPI_NSSPulseModeCmd), (28 bytes).
    Removing stm32f0xx_spi.o(i.SPI_ReceiveData8), (12 bytes).
    Removing stm32f0xx_spi.o(i.SPI_RxFIFOThresholdConfig), (20 bytes).
    Removing stm32f0xx_spi.o(i.SPI_SSOutputCmd), (28 bytes).
    Removing stm32f0xx_spi.o(i.SPI_SendData8), (10 bytes).
    Removing stm32f0xx_spi.o(i.SPI_StructInit), (30 bytes).
    Removing stm32f0xx_spi.o(i.SPI_TIModeCmd), (28 bytes).
    Removing stm32f0xx_spi.o(i.SPI_TransmitCRC), (12 bytes).
    Removing stm32f0xx_usart.o(.rev16_text), (4 bytes).
    Removing stm32f0xx_usart.o(.revsh_text), (4 bytes).
    Removing stm32f0xx_usart.o(i.USART_AddressDetectionConfig), (16 bytes).
    Removing stm32f0xx_usart.o(i.USART_AutoBaudRateCmd), (28 bytes).
    Removing stm32f0xx_usart.o(i.USART_AutoBaudRateConfig), (18 bytes).
    Removing stm32f0xx_usart.o(i.USART_ClearFlag), (4 bytes).
    Removing stm32f0xx_usart.o(i.USART_ClearITPendingBit), (18 bytes).
    Removing stm32f0xx_usart.o(i.USART_ClockInit), (36 bytes).
    Removing stm32f0xx_usart.o(i.USART_ClockStructInit), (12 bytes).
    Removing stm32f0xx_usart.o(i.USART_Cmd), (24 bytes).
    Removing stm32f0xx_usart.o(i.USART_DECmd), (28 bytes).
    Removing stm32f0xx_usart.o(i.USART_DEPolarityConfig), (18 bytes).
    Removing stm32f0xx_usart.o(i.USART_DMACmd), (20 bytes).
    Removing stm32f0xx_usart.o(i.USART_DMAReceptionErrorConfig), (18 bytes).
    Removing stm32f0xx_usart.o(i.USART_DataInvCmd), (28 bytes).
    Removing stm32f0xx_usart.o(i.USART_DeInit), (240 bytes).
    Removing stm32f0xx_usart.o(i.USART_DirectionModeCmd), (20 bytes).
    Removing stm32f0xx_usart.o(i.USART_GetFlagStatus), (20 bytes).
    Removing stm32f0xx_usart.o(i.USART_GetITStatus), (78 bytes).
    Removing stm32f0xx_usart.o(i.USART_HalfDuplexCmd), (24 bytes).
    Removing stm32f0xx_usart.o(i.USART_ITConfig), (66 bytes).
    Removing stm32f0xx_usart.o(i.USART_Init), (248 bytes).
    Removing stm32f0xx_usart.o(i.USART_InvPinCmd), (20 bytes).
    Removing stm32f0xx_usart.o(i.USART_IrDACmd), (24 bytes).
    Removing stm32f0xx_usart.o(i.USART_IrDAConfig), (16 bytes).
    Removing stm32f0xx_usart.o(i.USART_LINBreakDetectLengthConfig), (16 bytes).
    Removing stm32f0xx_usart.o(i.USART_LINCmd), (28 bytes).
    Removing stm32f0xx_usart.o(i.USART_MSBFirstCmd), (28 bytes).
    Removing stm32f0xx_usart.o(i.USART_MuteModeCmd), (28 bytes).
    Removing stm32f0xx_usart.o(i.USART_MuteModeWakeUpConfig), (18 bytes).
    Removing stm32f0xx_usart.o(i.USART_OneBitMethodCmd), (28 bytes).
    Removing stm32f0xx_usart.o(i.USART_OverSampling8Cmd), (28 bytes).
    Removing stm32f0xx_usart.o(i.USART_OverrunDetectionConfig), (18 bytes).
    Removing stm32f0xx_usart.o(i.USART_ReceiveData), (10 bytes).
    Removing stm32f0xx_usart.o(i.USART_ReceiverTimeOutCmd), (28 bytes).
    Removing stm32f0xx_usart.o(i.USART_RequestCmd), (20 bytes).
    Removing stm32f0xx_usart.o(i.USART_STOPModeCmd), (24 bytes).
    Removing stm32f0xx_usart.o(i.USART_SWAPPinCmd), (28 bytes).
    Removing stm32f0xx_usart.o(i.USART_SendData), (8 bytes).
    Removing stm32f0xx_usart.o(i.USART_SetAddress), (18 bytes).
    Removing stm32f0xx_usart.o(i.USART_SetAutoRetryCount), (20 bytes).
    Removing stm32f0xx_usart.o(i.USART_SetBlockLength), (18 bytes).
    Removing stm32f0xx_usart.o(i.USART_SetDEAssertionTime), (20 bytes).
    Removing stm32f0xx_usart.o(i.USART_SetDEDeassertionTime), (20 bytes).
    Removing stm32f0xx_usart.o(i.USART_SetGuardTime), (16 bytes).
    Removing stm32f0xx_usart.o(i.USART_SetPrescaler), (18 bytes).
    Removing stm32f0xx_usart.o(i.USART_SetReceiverTimeOut), (16 bytes).
    Removing stm32f0xx_usart.o(i.USART_SmartCardCmd), (24 bytes).
    Removing stm32f0xx_usart.o(i.USART_SmartCardNACKCmd), (24 bytes).
    Removing stm32f0xx_usart.o(i.USART_StopModeWakeUpSourceConfig), (18 bytes).
    Removing stm32f0xx_usart.o(i.USART_StructInit), (24 bytes).
    Removing stm32f0xx_flash.o(.rev16_text), (4 bytes).
    Removing stm32f0xx_flash.o(.revsh_text), (4 bytes).
    Removing stm32f0xx_flash.o(i.FLASH_ClearFlag), (12 bytes).
    Removing stm32f0xx_flash.o(i.FLASH_EraseAllPages), (72 bytes).
    Removing stm32f0xx_flash.o(i.FLASH_ErasePage), (76 bytes).
    Removing stm32f0xx_flash.o(i.FLASH_GetFlagStatus), (28 bytes).
    Removing stm32f0xx_flash.o(i.FLASH_GetPrefetchBufferStatus), (28 bytes).
    Removing stm32f0xx_flash.o(i.FLASH_GetStatus), (60 bytes).
    Removing stm32f0xx_flash.o(i.FLASH_ITConfig), (32 bytes).
    Removing stm32f0xx_flash.o(i.FLASH_Lock), (20 bytes).
    Removing stm32f0xx_flash.o(i.FLASH_OB_BOOT0Config), (80 bytes).
    Removing stm32f0xx_flash.o(i.FLASH_OB_BOOT0SWConfig), (80 bytes).
    Removing stm32f0xx_flash.o(i.FLASH_OB_BOOTConfig), (80 bytes).
    Removing stm32f0xx_flash.o(i.FLASH_OB_EnableWRP), (184 bytes).
    Removing stm32f0xx_flash.o(i.FLASH_OB_Erase), (152 bytes).
    Removing stm32f0xx_flash.o(i.FLASH_OB_GetRDP), (28 bytes).
    Removing stm32f0xx_flash.o(i.FLASH_OB_GetUser), (16 bytes).
    Removing stm32f0xx_flash.o(i.FLASH_OB_GetWRP), (12 bytes).
    Removing stm32f0xx_flash.o(i.FLASH_OB_Launch), (20 bytes).
    Removing stm32f0xx_flash.o(i.FLASH_OB_Lock), (20 bytes).
    Removing stm32f0xx_flash.o(i.FLASH_OB_ProgramData), (72 bytes).
    Removing stm32f0xx_flash.o(i.FLASH_OB_RDPConfig), (144 bytes).
    Removing stm32f0xx_flash.o(i.FLASH_OB_SRAMParityConfig), (80 bytes).
    Removing stm32f0xx_flash.o(i.FLASH_OB_Unlock), (40 bytes).
    Removing stm32f0xx_flash.o(i.FLASH_OB_UserConfig), (88 bytes).
    Removing stm32f0xx_flash.o(i.FLASH_OB_VDDAConfig), (80 bytes).
    Removing stm32f0xx_flash.o(i.FLASH_OB_WriteUser), (76 bytes).
    Removing stm32f0xx_flash.o(i.FLASH_PrefetchBufferCmd), (36 bytes).
    Removing stm32f0xx_flash.o(i.FLASH_ProgramHalfWord), (68 bytes).
    Removing stm32f0xx_flash.o(i.FLASH_ProgramWord), (108 bytes).
    Removing stm32f0xx_flash.o(i.FLASH_SetLatency), (28 bytes).
    Removing stm32f0xx_flash.o(i.FLASH_Unlock), (36 bytes).
    Removing stm32f0xx_flash.o(i.FLASH_WaitForLastOperation), (40 bytes).
    Removing stm32f0xx_iwdg.o(.rev16_text), (4 bytes).
    Removing stm32f0xx_iwdg.o(.revsh_text), (4 bytes).
    Removing stm32f0xx_iwdg.o(i.IWDG_Enable), (16 bytes).
    Removing stm32f0xx_iwdg.o(i.IWDG_GetFlagStatus), (28 bytes).
    Removing stm32f0xx_iwdg.o(i.IWDG_ReloadCounter), (16 bytes).
    Removing stm32f0xx_iwdg.o(i.IWDG_SetPrescaler), (12 bytes).
    Removing stm32f0xx_iwdg.o(i.IWDG_SetReload), (12 bytes).
    Removing stm32f0xx_iwdg.o(i.IWDG_SetWindowValue), (12 bytes).
    Removing stm32f0xx_iwdg.o(i.IWDG_WriteAccessCmd), (12 bytes).
    Removing stm32f0xx_adc.o(.rev16_text), (4 bytes).
    Removing stm32f0xx_adc.o(.revsh_text), (4 bytes).
    Removing stm32f0xx_adc.o(i.ADC_AnalogWatchdogCmd), (28 bytes).
    Removing stm32f0xx_adc.o(i.ADC_AnalogWatchdogSingleChannelCmd), (28 bytes).
    Removing stm32f0xx_adc.o(i.ADC_AnalogWatchdogSingleChannelConfig), (28 bytes).
    Removing stm32f0xx_adc.o(i.ADC_AnalogWatchdogThresholdsConfig), (8 bytes).
    Removing stm32f0xx_adc.o(i.ADC_AutoPowerOffCmd), (28 bytes).
    Removing stm32f0xx_adc.o(i.ADC_ChannelConfig), (24 bytes).
    Removing stm32f0xx_adc.o(i.ADC_ClearFlag), (4 bytes).
    Removing stm32f0xx_adc.o(i.ADC_ClearITPendingBit), (4 bytes).
    Removing stm32f0xx_adc.o(i.ADC_ClockModeConfig), (4 bytes).
    Removing stm32f0xx_adc.o(i.ADC_Cmd), (24 bytes).
    Removing stm32f0xx_adc.o(i.ADC_ContinuousModeCmd), (28 bytes).
    Removing stm32f0xx_adc.o(i.ADC_DMACmd), (24 bytes).
    Removing stm32f0xx_adc.o(i.ADC_DMARequestModeConfig), (16 bytes).
    Removing stm32f0xx_adc.o(i.ADC_DeInit), (32 bytes).
    Removing stm32f0xx_adc.o(i.ADC_DiscModeCmd), (28 bytes).
    Removing stm32f0xx_adc.o(i.ADC_GetCalibrationFactor), (60 bytes).
    Removing stm32f0xx_adc.o(i.ADC_GetConversionValue), (8 bytes).
    Removing stm32f0xx_adc.o(i.ADC_GetFlagStatus), (48 bytes).
    Removing stm32f0xx_adc.o(i.ADC_GetITStatus), (34 bytes).
    Removing stm32f0xx_adc.o(i.ADC_ITConfig), (20 bytes).
    Removing stm32f0xx_adc.o(i.ADC_Init), (44 bytes).
    Removing stm32f0xx_adc.o(i.ADC_JitterCmd), (20 bytes).
    Removing stm32f0xx_adc.o(i.ADC_OverrunModeCmd), (28 bytes).
    Removing stm32f0xx_adc.o(i.ADC_StartOfConversion), (10 bytes).
    Removing stm32f0xx_adc.o(i.ADC_StopOfConversion), (10 bytes).
    Removing stm32f0xx_adc.o(i.ADC_StructInit), (16 bytes).
    Removing stm32f0xx_adc.o(i.ADC_TempSensorCmd), (40 bytes).
    Removing stm32f0xx_adc.o(i.ADC_VbatCmd), (40 bytes).
    Removing stm32f0xx_adc.o(i.ADC_VrefintCmd), (40 bytes).
    Removing stm32f0xx_adc.o(i.ADC_WaitModeCmd), (28 bytes).
    Removing stm32f0xx_rcc.o(.rev16_text), (4 bytes).
    Removing stm32f0xx_rcc.o(.revsh_text), (4 bytes).
    Removing stm32f0xx_rcc.o(i.RCC_ADCCLKConfig), (56 bytes).
    Removing stm32f0xx_rcc.o(i.RCC_AHBPeriphResetCmd), (32 bytes).
    Removing stm32f0xx_rcc.o(i.RCC_AdjustHSI14CalibrationValue), (32 bytes).
    Removing stm32f0xx_rcc.o(i.RCC_AdjustHSICalibrationValue), (32 bytes).
    Removing stm32f0xx_rcc.o(i.RCC_BackupResetCmd), (40 bytes).
    Removing stm32f0xx_rcc.o(i.RCC_CECCLKConfig), (28 bytes).
    Removing stm32f0xx_rcc.o(i.RCC_ClearFlag), (20 bytes).
    Removing stm32f0xx_rcc.o(i.RCC_ClearITPendingBit), (12 bytes).
    Removing stm32f0xx_rcc.o(i.RCC_ClockSecuritySystemCmd), (40 bytes).
    Removing stm32f0xx_rcc.o(i.RCC_DeInit), (120 bytes).
    Removing stm32f0xx_rcc.o(i.RCC_GetClocksFreq), (584 bytes).
    Removing stm32f0xx_rcc.o(i.RCC_GetFlagStatus), (72 bytes).
    Removing stm32f0xx_rcc.o(i.RCC_GetITStatus), (28 bytes).
    Removing stm32f0xx_rcc.o(i.RCC_GetSYSCLKSource), (16 bytes).
    Removing stm32f0xx_rcc.o(i.RCC_HCLKConfig), (32 bytes).
    Removing stm32f0xx_rcc.o(i.RCC_HSEConfig), (16 bytes).
    Removing stm32f0xx_rcc.o(i.RCC_HSI14ADCRequestCmd), (36 bytes).
    Removing stm32f0xx_rcc.o(i.RCC_HSI14Cmd), (36 bytes).
    Removing stm32f0xx_rcc.o(i.RCC_HSI48Cmd), (40 bytes).
    Removing stm32f0xx_rcc.o(i.RCC_HSICmd), (36 bytes).
    Removing stm32f0xx_rcc.o(i.RCC_I2CCLKConfig), (28 bytes).
    Removing stm32f0xx_rcc.o(i.RCC_ITConfig), (32 bytes).
    Removing stm32f0xx_rcc.o(i.RCC_LSEConfig), (40 bytes).
    Removing stm32f0xx_rcc.o(i.RCC_LSEDriveConfig), (28 bytes).
    Removing stm32f0xx_rcc.o(i.RCC_LSICmd), (36 bytes).
    Removing stm32f0xx_rcc.o(i.RCC_MCOConfig), (28 bytes).
    Removing stm32f0xx_rcc.o(i.RCC_PCLKConfig), (36 bytes).
    Removing stm32f0xx_rcc.o(i.RCC_PLLCmd), (40 bytes).
    Removing stm32f0xx_rcc.o(i.RCC_PLLConfig), (36 bytes).
    Removing stm32f0xx_rcc.o(i.RCC_PREDIV1Config), (28 bytes).
    Removing stm32f0xx_rcc.o(i.RCC_RTCCLKCmd), (40 bytes).
    Removing stm32f0xx_rcc.o(i.RCC_RTCCLKConfig), (16 bytes).
    Removing stm32f0xx_rcc.o(i.RCC_SYSCLKConfig), (28 bytes).
    Removing stm32f0xx_rcc.o(i.RCC_USARTCLKConfig), (72 bytes).
    Removing stm32f0xx_rcc.o(i.RCC_USBCLKConfig), (28 bytes).
    Removing stm32f0xx_rcc.o(i.RCC_WaitForHSEStartUp), (60 bytes).
    Removing stm32f0xx_rcc.o(.data), (16 bytes).
    Removing stm32f0xx_dma.o(.rev16_text), (4 bytes).
    Removing stm32f0xx_dma.o(.revsh_text), (4 bytes).
    Removing stm32f0xx_dma.o(i.DMA_ClearFlag), (32 bytes).
    Removing stm32f0xx_dma.o(i.DMA_ClearITPendingBit), (32 bytes).
    Removing stm32f0xx_dma.o(i.DMA_Cmd), (28 bytes).
    Removing stm32f0xx_dma.o(i.DMA_DeInit), (356 bytes).
    Removing stm32f0xx_dma.o(i.DMA_GetCurrDataCounter), (8 bytes).
    Removing stm32f0xx_dma.o(i.DMA_GetFlagStatus), (52 bytes).
    Removing stm32f0xx_dma.o(i.DMA_GetITStatus), (52 bytes).
    Removing stm32f0xx_dma.o(i.DMA_ITConfig), (20 bytes).
    Removing stm32f0xx_dma.o(i.DMA_Init), (64 bytes).
    Removing stm32f0xx_dma.o(i.DMA_RemapConfig), (52 bytes).
    Removing stm32f0xx_dma.o(i.DMA_SetCurrDataCounter), (4 bytes).
    Removing stm32f0xx_dma.o(i.DMA_StructInit), (26 bytes).
    Removing stm32f0xx_rtc.o(.rev16_text), (4 bytes).
    Removing stm32f0xx_rtc.o(.revsh_text), (4 bytes).
    Removing stm32f0xx_rtc.o(i.RTC_AlarmCmd), (112 bytes).
    Removing stm32f0xx_rtc.o(i.RTC_AlarmStructInit), (22 bytes).
    Removing stm32f0xx_rtc.o(i.RTC_AlarmSubSecondConfig), (40 bytes).
    Removing stm32f0xx_rtc.o(i.RTC_Bcd2ToByte), (26 bytes).
    Removing stm32f0xx_rtc.o(i.RTC_BypassShadowCmd), (52 bytes).
    Removing stm32f0xx_rtc.o(i.RTC_ByteToBcd2), (28 bytes).
    Removing stm32f0xx_rtc.o(i.RTC_CalibOutputCmd), (56 bytes).
    Removing stm32f0xx_rtc.o(i.RTC_CalibOutputConfig), (44 bytes).
    Removing stm32f0xx_rtc.o(i.RTC_ClearFlag), (32 bytes).
    Removing stm32f0xx_rtc.o(i.RTC_ClearITPendingBit), (36 bytes).
    Removing stm32f0xx_rtc.o(i.RTC_DateStructInit), (14 bytes).
    Removing stm32f0xx_rtc.o(i.RTC_DayLightSavingConfig), (48 bytes).
    Removing stm32f0xx_rtc.o(i.RTC_DeInit), (116 bytes).
    Removing stm32f0xx_rtc.o(i.RTC_EnterInitMode), (88 bytes).
    Removing stm32f0xx_rtc.o(i.RTC_ExitInitMode), (20 bytes).
    Removing stm32f0xx_rtc.o(i.RTC_GetAlarm), (120 bytes).
    Removing stm32f0xx_rtc.o(i.RTC_GetAlarmSubSecond), (20 bytes).
    Removing stm32f0xx_rtc.o(i.RTC_GetDate), (96 bytes).
    Removing stm32f0xx_rtc.o(i.RTC_GetFlagStatus), (44 bytes).
    Removing stm32f0xx_rtc.o(i.RTC_GetITStatus), (76 bytes).
    Removing stm32f0xx_rtc.o(i.RTC_GetStoreOperation), (16 bytes).
    Removing stm32f0xx_rtc.o(i.RTC_GetSubSecond), (16 bytes).
    Removing stm32f0xx_rtc.o(i.RTC_GetTime), (92 bytes).
    Removing stm32f0xx_rtc.o(i.RTC_GetTimeStamp), (164 bytes).
    Removing stm32f0xx_rtc.o(i.RTC_GetTimeStampSubSecond), (12 bytes).
    Removing stm32f0xx_rtc.o(i.RTC_GetWakeUpCounter), (12 bytes).
    Removing stm32f0xx_rtc.o(i.RTC_ITConfig), (100 bytes).
    Removing stm32f0xx_rtc.o(i.RTC_Init), (88 bytes).
    Removing stm32f0xx_rtc.o(i.RTC_OutputConfig), (48 bytes).
    Removing stm32f0xx_rtc.o(i.RTC_OutputTypeConfig), (28 bytes).
    Removing stm32f0xx_rtc.o(i.RTC_ReadBackupRegister), (32 bytes).
    Removing stm32f0xx_rtc.o(i.RTC_RefClockCmd), (76 bytes).
    Removing stm32f0xx_rtc.o(i.RTC_SetAlarm), (216 bytes).
    Removing stm32f0xx_rtc.o(i.RTC_SetDate), (208 bytes).
    Removing stm32f0xx_rtc.o(i.RTC_SetTime), (216 bytes).
    Removing stm32f0xx_rtc.o(i.RTC_SetWakeUpCounter), (24 bytes).
    Removing stm32f0xx_rtc.o(i.RTC_SmoothCalibConfig), (96 bytes).
    Removing stm32f0xx_rtc.o(i.RTC_StructInit), (14 bytes).
    Removing stm32f0xx_rtc.o(i.RTC_SynchroShiftConfig), (124 bytes).
    Removing stm32f0xx_rtc.o(i.RTC_TamperCmd), (32 bytes).
    Removing stm32f0xx_rtc.o(i.RTC_TamperFilterConfig), (28 bytes).
    Removing stm32f0xx_rtc.o(i.RTC_TamperPinsPrechargeDuration), (28 bytes).
    Removing stm32f0xx_rtc.o(i.RTC_TamperPullUpCmd), (40 bytes).
    Removing stm32f0xx_rtc.o(i.RTC_TamperSamplingFreqConfig), (28 bytes).
    Removing stm32f0xx_rtc.o(i.RTC_TamperTriggerConfig), (36 bytes).
    Removing stm32f0xx_rtc.o(i.RTC_TimeStampCmd), (64 bytes).
    Removing stm32f0xx_rtc.o(i.RTC_TimeStampOnTamperDetectionCmd), (36 bytes).
    Removing stm32f0xx_rtc.o(i.RTC_TimeStructInit), (12 bytes).
    Removing stm32f0xx_rtc.o(i.RTC_WaitForSynchro), (108 bytes).
    Removing stm32f0xx_rtc.o(i.RTC_WakeUpClockConfig), (40 bytes).
    Removing stm32f0xx_rtc.o(i.RTC_WakeUpCmd), (116 bytes).
    Removing stm32f0xx_rtc.o(i.RTC_WriteBackupRegister), (28 bytes).
    Removing stm32f0xx_rtc.o(i.RTC_WriteProtectionCmd), (28 bytes).
    Removing stm32f0xx_gpio.o(.rev16_text), (4 bytes).
    Removing stm32f0xx_gpio.o(.revsh_text), (4 bytes).
    Removing stm32f0xx_gpio.o(i.GPIO_DeInit), (176 bytes).
    Removing stm32f0xx_gpio.o(i.GPIO_PinLockConfig), (34 bytes).
    Removing stm32f0xx_gpio.o(i.GPIO_ReadInputData), (6 bytes).
    Removing stm32f0xx_gpio.o(i.GPIO_ReadOutputData), (6 bytes).
    Removing stm32f0xx_gpio.o(i.GPIO_ReadOutputDataBit), (20 bytes).
    Removing stm32f0xx_gpio.o(i.GPIO_StructInit), (24 bytes).
    Removing stm32f0xx_gpio.o(i.GPIO_Write), (4 bytes).
    Removing stm32f0xx_gpio.o(i.GPIO_WriteBit), (12 bytes).
    Removing stm32f0xx_dbgmcu.o(.rev16_text), (4 bytes).
    Removing stm32f0xx_dbgmcu.o(.revsh_text), (4 bytes).
    Removing stm32f0xx_dbgmcu.o(i.DBGMCU_APB1PeriphConfig), (32 bytes).
    Removing stm32f0xx_dbgmcu.o(i.DBGMCU_APB2PeriphConfig), (32 bytes).
    Removing stm32f0xx_dbgmcu.o(i.DBGMCU_Config), (32 bytes).
    Removing stm32f0xx_dbgmcu.o(i.DBGMCU_GetDEVID), (16 bytes).
    Removing stm32f0xx_dbgmcu.o(i.DBGMCU_GetREVID), (12 bytes).
    Removing stm32f0xx_crc.o(.rev16_text), (4 bytes).
    Removing stm32f0xx_crc.o(.revsh_text), (4 bytes).
    Removing stm32f0xx_crc.o(i.CRC_CalcBlockCRC), (36 bytes).
    Removing stm32f0xx_crc.o(i.CRC_CalcCRC), (16 bytes).
    Removing stm32f0xx_crc.o(i.CRC_CalcCRC16bits), (16 bytes).
    Removing stm32f0xx_crc.o(i.CRC_CalcCRC8bits), (16 bytes).
    Removing stm32f0xx_crc.o(i.CRC_DeInit), (36 bytes).
    Removing stm32f0xx_crc.o(i.CRC_GetCRC), (12 bytes).
    Removing stm32f0xx_crc.o(i.CRC_GetIDRegister), (12 bytes).
    Removing stm32f0xx_crc.o(i.CRC_PolynomialSizeSelect), (32 bytes).
    Removing stm32f0xx_crc.o(i.CRC_ResetDR), (20 bytes).
    Removing stm32f0xx_crc.o(i.CRC_ReverseInputDataSelect), (32 bytes).
    Removing stm32f0xx_crc.o(i.CRC_ReverseOutputDataCmd), (36 bytes).
    Removing stm32f0xx_crc.o(i.CRC_SetIDRegister), (12 bytes).
    Removing stm32f0xx_crc.o(i.CRC_SetInitRegister), (12 bytes).
    Removing stm32f0xx_crc.o(i.CRC_SetPolynomial), (12 bytes).
    Removing stm32f0xx_wwdg.o(.rev16_text), (4 bytes).
    Removing stm32f0xx_wwdg.o(.revsh_text), (4 bytes).
    Removing stm32f0xx_wwdg.o(i.WWDG_ClearFlag), (12 bytes).
    Removing stm32f0xx_wwdg.o(i.WWDG_DeInit), (22 bytes).
    Removing stm32f0xx_wwdg.o(i.WWDG_Enable), (16 bytes).
    Removing stm32f0xx_wwdg.o(i.WWDG_EnableIT), (20 bytes).
    Removing stm32f0xx_wwdg.o(i.WWDG_GetFlagStatus), (24 bytes).
    Removing stm32f0xx_wwdg.o(i.WWDG_SetCounter), (16 bytes).
    Removing stm32f0xx_wwdg.o(i.WWDG_SetPrescaler), (32 bytes).
    Removing stm32f0xx_wwdg.o(i.WWDG_SetWindowValue), (40 bytes).
    Removing stm32f0xx_i2c.o(.rev16_text), (4 bytes).
    Removing stm32f0xx_i2c.o(.revsh_text), (4 bytes).
    Removing stm32f0xx_i2c.o(i.I2C_10BitAddressHeaderCmd), (28 bytes).
    Removing stm32f0xx_i2c.o(i.I2C_10BitAddressingModeCmd), (28 bytes).
    Removing stm32f0xx_i2c.o(i.I2C_AcknowledgeConfig), (28 bytes).
    Removing stm32f0xx_i2c.o(i.I2C_AutoEndCmd), (28 bytes).
    Removing stm32f0xx_i2c.o(i.I2C_CalculatePEC), (28 bytes).
    Removing stm32f0xx_i2c.o(i.I2C_ClearFlag), (4 bytes).
    Removing stm32f0xx_i2c.o(i.I2C_ClearITPendingBit), (4 bytes).
    Removing stm32f0xx_i2c.o(i.I2C_ClockTimeoutCmd), (28 bytes).
    Removing stm32f0xx_i2c.o(i.I2C_Cmd), (24 bytes).
    Removing stm32f0xx_i2c.o(i.I2C_DMACmd), (20 bytes).
    Removing stm32f0xx_i2c.o(i.I2C_DeInit), (56 bytes).
    Removing stm32f0xx_i2c.o(i.I2C_DualAddressCmd), (28 bytes).
    Removing stm32f0xx_i2c.o(i.I2C_ExtendedClockTimeoutCmd), (26 bytes).
    Removing stm32f0xx_i2c.o(i.I2C_GeneralCallCmd), (28 bytes).
    Removing stm32f0xx_i2c.o(i.I2C_GenerateSTART), (28 bytes).
    Removing stm32f0xx_i2c.o(i.I2C_GenerateSTOP), (28 bytes).
    Removing stm32f0xx_i2c.o(i.I2C_GetAddressMatched), (14 bytes).
    Removing stm32f0xx_i2c.o(i.I2C_GetFlagStatus), (28 bytes).
    Removing stm32f0xx_i2c.o(i.I2C_GetITStatus), (78 bytes).
    Removing stm32f0xx_i2c.o(i.I2C_GetPEC), (8 bytes).
    Removing stm32f0xx_i2c.o(i.I2C_GetTransferDirection), (30 bytes).
    Removing stm32f0xx_i2c.o(i.I2C_ITConfig), (20 bytes).
    Removing stm32f0xx_i2c.o(i.I2C_IdleClockTimeoutCmd), (28 bytes).
    Removing stm32f0xx_i2c.o(i.I2C_Init), (108 bytes).
    Removing stm32f0xx_i2c.o(i.I2C_MasterRequestConfig), (28 bytes).
    Removing stm32f0xx_i2c.o(i.I2C_NumberOfBytesConfig), (28 bytes).
    Removing stm32f0xx_i2c.o(i.I2C_OwnAddress2Config), (36 bytes).
    Removing stm32f0xx_i2c.o(i.I2C_PECRequestCmd), (28 bytes).
    Removing stm32f0xx_i2c.o(i.I2C_ReadRegister), (22 bytes).
    Removing stm32f0xx_i2c.o(i.I2C_ReceiveData), (8 bytes).
    Removing stm32f0xx_i2c.o(i.I2C_ReloadCmd), (28 bytes).
    Removing stm32f0xx_i2c.o(i.I2C_SMBusAlertCmd), (28 bytes).
    Removing stm32f0xx_i2c.o(i.I2C_SendData), (4 bytes).
    Removing stm32f0xx_i2c.o(i.I2C_SlaveAddressConfig), (20 bytes).
    Removing stm32f0xx_i2c.o(i.I2C_SlaveByteControlCmd), (28 bytes).
    Removing stm32f0xx_i2c.o(i.I2C_SoftwareResetCmd), (20 bytes).
    Removing stm32f0xx_i2c.o(i.I2C_StopModeCmd), (28 bytes).
    Removing stm32f0xx_i2c.o(i.I2C_StretchClockCmd), (28 bytes).
    Removing stm32f0xx_i2c.o(i.I2C_StructInit), (24 bytes).
    Removing stm32f0xx_i2c.o(i.I2C_TimeoutAConfig), (20 bytes).
    Removing stm32f0xx_i2c.o(i.I2C_TimeoutBConfig), (32 bytes).
    Removing stm32f0xx_i2c.o(i.I2C_TransferHandling), (44 bytes).
    Removing stm32f0xx_misc.o(.rev16_text), (4 bytes).
    Removing stm32f0xx_misc.o(.revsh_text), (4 bytes).
    Removing stm32f0xx_misc.o(i.NVIC_SystemLPConfig), (32 bytes).
    Removing stm32f0xx_misc.o(i.SysTick_CLKSourceConfig), (36 bytes).
    Removing stm32f0xx_tim.o(.rev16_text), (4 bytes).
    Removing stm32f0xx_tim.o(.revsh_text), (4 bytes).
    Removing stm32f0xx_tim.o(i.TI1_Config), (56 bytes).
    Removing stm32f0xx_tim.o(i.TI2_Config), (76 bytes).
    Removing stm32f0xx_tim.o(i.TI3_Config), (72 bytes).
    Removing stm32f0xx_tim.o(i.TI4_Config), (80 bytes).
    Removing stm32f0xx_tim.o(i.TIM_ARRPreloadConfig), (28 bytes).
    Removing stm32f0xx_tim.o(i.TIM_BDTRConfig), (32 bytes).
    Removing stm32f0xx_tim.o(i.TIM_BDTRStructInit), (18 bytes).
    Removing stm32f0xx_tim.o(i.TIM_CCPreloadControl), (28 bytes).
    Removing stm32f0xx_tim.o(i.TIM_CCxCmd), (30 bytes).
    Removing stm32f0xx_tim.o(i.TIM_CCxNCmd), (30 bytes).
    Removing stm32f0xx_tim.o(i.TIM_ClearFlag), (6 bytes).
    Removing stm32f0xx_tim.o(i.TIM_ClearOC1Ref), (24 bytes).
    Removing stm32f0xx_tim.o(i.TIM_ClearOC2Ref), (20 bytes).
    Removing stm32f0xx_tim.o(i.TIM_ClearOC3Ref), (24 bytes).
    Removing stm32f0xx_tim.o(i.TIM_ClearOC4Ref), (20 bytes).
    Removing stm32f0xx_tim.o(i.TIM_CounterModeConfig), (24 bytes).
    Removing stm32f0xx_tim.o(i.TIM_CtrlPWMOutputs), (34 bytes).
    Removing stm32f0xx_tim.o(i.TIM_DMACmd), (20 bytes).
    Removing stm32f0xx_tim.o(i.TIM_DMAConfig), (12 bytes).
    Removing stm32f0xx_tim.o(i.TIM_DeInit), (260 bytes).
    Removing stm32f0xx_tim.o(i.TIM_ETRClockMode1Config), (52 bytes).
    Removing stm32f0xx_tim.o(i.TIM_ETRClockMode2Config), (34 bytes).
    Removing stm32f0xx_tim.o(i.TIM_ETRConfig), (24 bytes).
    Removing stm32f0xx_tim.o(i.TIM_EncoderInterfaceConfig), (68 bytes).
    Removing stm32f0xx_tim.o(i.TIM_ForcedOC1Config), (24 bytes).
    Removing stm32f0xx_tim.o(i.TIM_ForcedOC2Config), (24 bytes).
    Removing stm32f0xx_tim.o(i.TIM_ForcedOC3Config), (24 bytes).
    Removing stm32f0xx_tim.o(i.TIM_ForcedOC4Config), (24 bytes).
    Removing stm32f0xx_tim.o(i.TIM_GenerateEvent), (4 bytes).
    Removing stm32f0xx_tim.o(i.TIM_GetCapture1), (6 bytes).
    Removing stm32f0xx_tim.o(i.TIM_GetCapture2), (6 bytes).
    Removing stm32f0xx_tim.o(i.TIM_GetCapture3), (6 bytes).
    Removing stm32f0xx_tim.o(i.TIM_GetCapture4), (6 bytes).
    Removing stm32f0xx_tim.o(i.TIM_GetCounter), (6 bytes).
    Removing stm32f0xx_tim.o(i.TIM_GetFlagStatus), (20 bytes).
    Removing stm32f0xx_tim.o(i.TIM_GetPrescaler), (6 bytes).
    Removing stm32f0xx_tim.o(i.TIM_ICInit), (112 bytes).
    Removing stm32f0xx_tim.o(i.TIM_ICStructInit), (18 bytes).
    Removing stm32f0xx_tim.o(i.TIM_ITRxExternalClockConfig), (24 bytes).
    Removing stm32f0xx_tim.o(i.TIM_InternalClockConfig), (16 bytes).
    Removing stm32f0xx_tim.o(i.TIM_OC1FastConfig), (24 bytes).
    Removing stm32f0xx_tim.o(i.TIM_OC1NPolarityConfig), (24 bytes).
    Removing stm32f0xx_tim.o(i.TIM_OC1PolarityConfig), (24 bytes).
    Removing stm32f0xx_tim.o(i.TIM_OC2FastConfig), (24 bytes).
    Removing stm32f0xx_tim.o(i.TIM_OC2Init), (172 bytes).
    Removing stm32f0xx_tim.o(i.TIM_OC2NPolarityConfig), (24 bytes).
    Removing stm32f0xx_tim.o(i.TIM_OC2PolarityConfig), (24 bytes).
    Removing stm32f0xx_tim.o(i.TIM_OC2PreloadConfig), (24 bytes).
    Removing stm32f0xx_tim.o(i.TIM_OC3FastConfig), (24 bytes).
    Removing stm32f0xx_tim.o(i.TIM_OC3Init), (152 bytes).
    Removing stm32f0xx_tim.o(i.TIM_OC3NPolarityConfig), (24 bytes).
    Removing stm32f0xx_tim.o(i.TIM_OC3PolarityConfig), (24 bytes).
    Removing stm32f0xx_tim.o(i.TIM_OC3PreloadConfig), (24 bytes).
    Removing stm32f0xx_tim.o(i.TIM_OC4FastConfig), (24 bytes).
    Removing stm32f0xx_tim.o(i.TIM_OC4Init), (112 bytes).
    Removing stm32f0xx_tim.o(i.TIM_OC4PolarityConfig), (24 bytes).
    Removing stm32f0xx_tim.o(i.TIM_OC4PreloadConfig), (24 bytes).
    Removing stm32f0xx_tim.o(i.TIM_OCStructInit), (20 bytes).
    Removing stm32f0xx_tim.o(i.TIM_PWMIConfig), (124 bytes).
    Removing stm32f0xx_tim.o(i.TIM_PrescalerConfig), (6 bytes).
    Removing stm32f0xx_tim.o(i.TIM_RemapConfig), (6 bytes).
    Removing stm32f0xx_tim.o(i.TIM_SelectCCDMA), (28 bytes).
    Removing stm32f0xx_tim.o(i.TIM_SelectCOM), (28 bytes).
    Removing stm32f0xx_tim.o(i.TIM_SelectHallSensor), (28 bytes).
    Removing stm32f0xx_tim.o(i.TIM_SelectInputTrigger), (24 bytes).
    Removing stm32f0xx_tim.o(i.TIM_SelectMasterSlaveMode), (20 bytes).
    Removing stm32f0xx_tim.o(i.TIM_SelectOCREFClear), (20 bytes).
    Removing stm32f0xx_tim.o(i.TIM_SelectOCxM), (82 bytes).
    Removing stm32f0xx_tim.o(i.TIM_SelectOnePulseMode), (20 bytes).
    Removing stm32f0xx_tim.o(i.TIM_SelectOutputTrigger), (20 bytes).
    Removing stm32f0xx_tim.o(i.TIM_SelectSlaveMode), (20 bytes).
    Removing stm32f0xx_tim.o(i.TIM_SetAutoreload), (4 bytes).
    Removing stm32f0xx_tim.o(i.TIM_SetClockDivision), (20 bytes).
    Removing stm32f0xx_tim.o(i.TIM_SetCompare1), (4 bytes).
    Removing stm32f0xx_tim.o(i.TIM_SetCompare2), (4 bytes).
    Removing stm32f0xx_tim.o(i.TIM_SetCompare3), (4 bytes).
    Removing stm32f0xx_tim.o(i.TIM_SetCompare4), (4 bytes).
    Removing stm32f0xx_tim.o(i.TIM_SetCounter), (4 bytes).
    Removing stm32f0xx_tim.o(i.TIM_SetIC1Prescaler), (20 bytes).
    Removing stm32f0xx_tim.o(i.TIM_SetIC2Prescaler), (24 bytes).
    Removing stm32f0xx_tim.o(i.TIM_SetIC3Prescaler), (20 bytes).
    Removing stm32f0xx_tim.o(i.TIM_SetIC4Prescaler), (24 bytes).
    Removing stm32f0xx_tim.o(i.TIM_TIxExternalClockConfig), (58 bytes).
    Removing stm32f0xx_tim.o(i.TIM_TimeBaseStructInit), (18 bytes).
    Removing stm32f0xx_tim.o(i.TIM_UpdateDisableConfig), (28 bytes).
    Removing stm32f0xx_tim.o(i.TIM_UpdateRequestConfig), (28 bytes).

510 unused section(s) (total 19790 bytes) removed from the image.

==============================================================================

Image Symbol Table

    Local Symbols

    Symbol Name                              Value     Ov Type        Size  Object(Section)

    ../clib/microlib/division.c              0x00000000   Number         0  idiv.o ABSOLUTE
    ../clib/microlib/division.c              0x00000000   Number         0  uidiv.o ABSOLUTE
    ../clib/microlib/init/entry.s            0x00000000   Number         0  entry5.o ABSOLUTE
    ../clib/microlib/init/entry.s            0x00000000   Number         0  entry11a.o ABSOLUTE
    ../clib/microlib/init/entry.s            0x00000000   Number         0  entry2.o ABSOLUTE
    ../clib/microlib/init/entry.s            0x00000000   Number         0  entry10b.o ABSOLUTE
    ../clib/microlib/init/entry.s            0x00000000   Number         0  entry10a.o ABSOLUTE
    ../clib/microlib/init/entry.s            0x00000000   Number         0  entry9b.o ABSOLUTE
    ../clib/microlib/init/entry.s            0x00000000   Number         0  entry7a.o ABSOLUTE
    ../clib/microlib/init/entry.s            0x00000000   Number         0  entry7b.o ABSOLUTE
    ../clib/microlib/init/entry.s            0x00000000   Number         0  entry9a.o ABSOLUTE
    ../clib/microlib/init/entry.s            0x00000000   Number         0  entry8b.o ABSOLUTE
    ../clib/microlib/init/entry.s            0x00000000   Number         0  entry8a.o ABSOLUTE
    ../clib/microlib/init/entry.s            0x00000000   Number         0  entry11b.o ABSOLUTE
    ../clib/microlib/init/entry.s            0x00000000   Number         0  entry.o ABSOLUTE
    ../clib/microlib/string/memcpy.c         0x00000000   Number         0  memcpyb.o ABSOLUTE
    ../clib/microlib/string/memcpy.c         0x00000000   Number         0  memcpya.o ABSOLUTE
    ../clib/microlib/string/memset.c         0x00000000   Number         0  memseta.o ABSOLUTE
    ..\..\..\Libraries\CMSIS\Device\ST\STM32F0xx\Source\Templates\arm\startup_stm32f030.s 0x00000000   Number         0  startup_stm32f030.o ABSOLUTE
    ..\..\..\Libraries\STM32F0xx_StdPeriph_Driver\src\stm32f0xx_adc.c 0x00000000   Number         0  stm32f0xx_adc.o ABSOLUTE
    ..\..\..\Libraries\STM32F0xx_StdPeriph_Driver\src\stm32f0xx_crc.c 0x00000000   Number         0  stm32f0xx_crc.o ABSOLUTE
    ..\..\..\Libraries\STM32F0xx_StdPeriph_Driver\src\stm32f0xx_dbgmcu.c 0x00000000   Number         0  stm32f0xx_dbgmcu.o ABSOLUTE
    ..\..\..\Libraries\STM32F0xx_StdPeriph_Driver\src\stm32f0xx_dma.c 0x00000000   Number         0  stm32f0xx_dma.o ABSOLUTE
    ..\..\..\Libraries\STM32F0xx_StdPeriph_Driver\src\stm32f0xx_exti.c 0x00000000   Number         0  stm32f0xx_exti.o ABSOLUTE
    ..\..\..\Libraries\STM32F0xx_StdPeriph_Driver\src\stm32f0xx_flash.c 0x00000000   Number         0  stm32f0xx_flash.o ABSOLUTE
    ..\..\..\Libraries\STM32F0xx_StdPeriph_Driver\src\stm32f0xx_gpio.c 0x00000000   Number         0  stm32f0xx_gpio.o ABSOLUTE
    ..\..\..\Libraries\STM32F0xx_StdPeriph_Driver\src\stm32f0xx_i2c.c 0x00000000   Number         0  stm32f0xx_i2c.o ABSOLUTE
    ..\..\..\Libraries\STM32F0xx_StdPeriph_Driver\src\stm32f0xx_iwdg.c 0x00000000   Number         0  stm32f0xx_iwdg.o ABSOLUTE
    ..\..\..\Libraries\STM32F0xx_StdPeriph_Driver\src\stm32f0xx_misc.c 0x00000000   Number         0  stm32f0xx_misc.o ABSOLUTE
    ..\..\..\Libraries\STM32F0xx_StdPeriph_Driver\src\stm32f0xx_pwr.c 0x00000000   Number         0  stm32f0xx_pwr.o ABSOLUTE
    ..\..\..\Libraries\STM32F0xx_StdPeriph_Driver\src\stm32f0xx_rcc.c 0x00000000   Number         0  stm32f0xx_rcc.o ABSOLUTE
    ..\..\..\Libraries\STM32F0xx_StdPeriph_Driver\src\stm32f0xx_rtc.c 0x00000000   Number         0  stm32f0xx_rtc.o ABSOLUTE
    ..\..\..\Libraries\STM32F0xx_StdPeriph_Driver\src\stm32f0xx_spi.c 0x00000000   Number         0  stm32f0xx_spi.o ABSOLUTE
    ..\..\..\Libraries\STM32F0xx_StdPeriph_Driver\src\stm32f0xx_syscfg.c 0x00000000   Number         0  stm32f0xx_syscfg.o ABSOLUTE
    ..\..\..\Libraries\STM32F0xx_StdPeriph_Driver\src\stm32f0xx_tim.c 0x00000000   Number         0  stm32f0xx_tim.o ABSOLUTE
    ..\..\..\Libraries\STM32F0xx_StdPeriph_Driver\src\stm32f0xx_usart.c 0x00000000   Number         0  stm32f0xx_usart.o ABSOLUTE
    ..\..\..\Libraries\STM32F0xx_StdPeriph_Driver\src\stm32f0xx_wwdg.c 0x00000000   Number         0  stm32f0xx_wwdg.o ABSOLUTE
    ..\\..\\..\\Libraries\\STM32F0xx_StdPeriph_Driver\\src\\stm32f0xx_adc.c 0x00000000   Number         0  stm32f0xx_adc.o ABSOLUTE
    ..\\..\\..\\Libraries\\STM32F0xx_StdPeriph_Driver\\src\\stm32f0xx_crc.c 0x00000000   Number         0  stm32f0xx_crc.o ABSOLUTE
    ..\\..\\..\\Libraries\\STM32F0xx_StdPeriph_Driver\\src\\stm32f0xx_dbgmcu.c 0x00000000   Number         0  stm32f0xx_dbgmcu.o ABSOLUTE
    ..\\..\\..\\Libraries\\STM32F0xx_StdPeriph_Driver\\src\\stm32f0xx_dma.c 0x00000000   Number         0  stm32f0xx_dma.o ABSOLUTE
    ..\\..\\..\\Libraries\\STM32F0xx_StdPeriph_Driver\\src\\stm32f0xx_exti.c 0x00000000   Number         0  stm32f0xx_exti.o ABSOLUTE
    ..\\..\\..\\Libraries\\STM32F0xx_StdPeriph_Driver\\src\\stm32f0xx_flash.c 0x00000000   Number         0  stm32f0xx_flash.o ABSOLUTE
    ..\\..\\..\\Libraries\\STM32F0xx_StdPeriph_Driver\\src\\stm32f0xx_gpio.c 0x00000000   Number         0  stm32f0xx_gpio.o ABSOLUTE
    ..\\..\\..\\Libraries\\STM32F0xx_StdPeriph_Driver\\src\\stm32f0xx_i2c.c 0x00000000   Number         0  stm32f0xx_i2c.o ABSOLUTE
    ..\\..\\..\\Libraries\\STM32F0xx_StdPeriph_Driver\\src\\stm32f0xx_iwdg.c 0x00000000   Number         0  stm32f0xx_iwdg.o ABSOLUTE
    ..\\..\\..\\Libraries\\STM32F0xx_StdPeriph_Driver\\src\\stm32f0xx_misc.c 0x00000000   Number         0  stm32f0xx_misc.o ABSOLUTE
    ..\\..\\..\\Libraries\\STM32F0xx_StdPeriph_Driver\\src\\stm32f0xx_pwr.c 0x00000000   Number         0  stm32f0xx_pwr.o ABSOLUTE
    ..\\..\\..\\Libraries\\STM32F0xx_StdPeriph_Driver\\src\\stm32f0xx_rcc.c 0x00000000   Number         0  stm32f0xx_rcc.o ABSOLUTE
    ..\\..\\..\\Libraries\\STM32F0xx_StdPeriph_Driver\\src\\stm32f0xx_rtc.c 0x00000000   Number         0  stm32f0xx_rtc.o ABSOLUTE
    ..\\..\\..\\Libraries\\STM32F0xx_StdPeriph_Driver\\src\\stm32f0xx_spi.c 0x00000000   Number         0  stm32f0xx_spi.o ABSOLUTE
    ..\\..\\..\\Libraries\\STM32F0xx_StdPeriph_Driver\\src\\stm32f0xx_syscfg.c 0x00000000   Number         0  stm32f0xx_syscfg.o ABSOLUTE
    ..\\..\\..\\Libraries\\STM32F0xx_StdPeriph_Driver\\src\\stm32f0xx_tim.c 0x00000000   Number         0  stm32f0xx_tim.o ABSOLUTE
    ..\\..\\..\\Libraries\\STM32F0xx_StdPeriph_Driver\\src\\stm32f0xx_usart.c 0x00000000   Number         0  stm32f0xx_usart.o ABSOLUTE
    ..\\..\\..\\Libraries\\STM32F0xx_StdPeriph_Driver\\src\\stm32f0xx_wwdg.c 0x00000000   Number         0  stm32f0xx_wwdg.o ABSOLUTE
    ..\\key.c                                0x00000000   Number         0  key.o ABSOLUTE
    ..\\main.c                               0x00000000   Number         0  main.o ABSOLUTE
    ..\\stm32072b_eval.c                     0x00000000   Number         0  stm32072b_eval.o ABSOLUTE
    ..\\stm32f0xx_it.c                       0x00000000   Number         0  stm32f0xx_it.o ABSOLUTE
    ..\\system_stm32f0xx.c                   0x00000000   Number         0  system_stm32f0xx.o ABSOLUTE
    ..\key.c                                 0x00000000   Number         0  key.o ABSOLUTE
    ..\main.c                                0x00000000   Number         0  main.o ABSOLUTE
    ..\stm32072b_eval.c                      0x00000000   Number         0  stm32072b_eval.o ABSOLUTE
    ..\stm32f0xx_it.c                        0x00000000   Number         0  stm32f0xx_it.o ABSOLUTE
    ..\system_stm32f0xx.c                    0x00000000   Number         0  system_stm32f0xx.o ABSOLUTE
    dc.s                                     0x00000000   Number         0  dc.o ABSOLUTE
    handlers.s                               0x00000000   Number         0  handlers.o ABSOLUTE
    init.s                                   0x00000000   Number         0  init.o ABSOLUTE
    RESET                                    0x08000000   Section      180  startup_stm32f030.o(RESET)
    .ARM.Collect$$$$00000000                 0x080000b4   Section        0  entry.o(.ARM.Collect$$$$00000000)
    .ARM.Collect$$$$00000001                 0x080000b4   Section        4  entry2.o(.ARM.Collect$$$$00000001)
    .ARM.Collect$$$$00000004                 0x080000b8   Section        4  entry5.o(.ARM.Collect$$$$00000004)
    .ARM.Collect$$$$00000008                 0x080000bc   Section        0  entry7b.o(.ARM.Collect$$$$00000008)
    .ARM.Collect$$$$0000000A                 0x080000bc   Section        0  entry8b.o(.ARM.Collect$$$$0000000A)
    .ARM.Collect$$$$0000000B                 0x080000bc   Section        8  entry9a.o(.ARM.Collect$$$$0000000B)
    .ARM.Collect$$$$0000000D                 0x080000c4   Section        0  entry10a.o(.ARM.Collect$$$$0000000D)
    .ARM.Collect$$$$0000000F                 0x080000c4   Section        0  entry11a.o(.ARM.Collect$$$$0000000F)
    .ARM.Collect$$$$00002712                 0x080000c4   Section        4  entry2.o(.ARM.Collect$$$$00002712)
    __lit__00000000                          0x080000c4   Data           4  entry2.o(.ARM.Collect$$$$00002712)
    .text                                    0x080000c8   Section       88  startup_stm32f030.o(.text)
    .text                                    0x08000120   Section        0  uidiv.o(.text)
    .text                                    0x0800014c   Section        0  idiv.o(.text)
    .text                                    0x08000174   Section        0  memseta.o(.text)
    .text                                    0x08000198   Section       36  init.o(.text)
    i.Delay_ms                               0x080001bc   Section        0  main.o(i.Delay_ms)
    i.EXTI4_15_IRQHandler                    0x080001d4   Section        0  stm32f0xx_it.o(i.EXTI4_15_IRQHandler)
    i.EXTI_ClearITPendingBit                 0x08000230   Section        0  stm32f0xx_exti.o(i.EXTI_ClearITPendingBit)
    i.EXTI_GetITStatus                       0x0800023c   Section        0  stm32f0xx_exti.o(i.EXTI_GetITStatus)
    i.EXTI_Init                              0x08000258   Section        0  stm32f0xx_exti.o(i.EXTI_Init)
    i.GPIO_Init                              0x080002e0   Section        0  stm32f0xx_gpio.o(i.GPIO_Init)
    i.GPIO_PinAFConfig                       0x08000370   Section        0  stm32f0xx_gpio.o(i.GPIO_PinAFConfig)
    i.GPIO_ReadInputDataBit                  0x080003b4   Section        0  stm32f0xx_gpio.o(i.GPIO_ReadInputDataBit)
    i.GPIO_ResetBits                         0x080003c8   Section        0  stm32f0xx_gpio.o(i.GPIO_ResetBits)
    i.GPIO_SCAN_Config                       0x080003cc   Section        0  main.o(i.GPIO_SCAN_Config)
    i.GPIO_SetBits                           0x08000408   Section        0  stm32f0xx_gpio.o(i.GPIO_SetBits)
    i.GetKey                                 0x0800040c   Section        0  key.o(i.GetKey)
    i.HAL_GPIO_EXTI_Callback                 0x08000424   Section        0  key.o(i.HAL_GPIO_EXTI_Callback)
    i.HAL_TIM_PeriodElapsedCallback          0x080004d4   Section        0  key.o(i.HAL_TIM_PeriodElapsedCallback)
    i.HardFault_Handler                      0x08000728   Section        0  stm32f0xx_it.o(i.HardFault_Handler)
    i.Key_Init                               0x0800072c   Section        0  key.o(i.Key_Init)
    i.Max7219_2_Init                         0x08000738   Section        0  main.o(i.Max7219_2_Init)
    i.Max7219_Init                           0x08000768   Section        0  main.o(i.Max7219_Init)
    i.NMI_Handler                            0x080007a6   Section        0  stm32f0xx_it.o(i.NMI_Handler)
    i.NVIC_Init                              0x080007a8   Section        0  stm32f0xx_misc.o(i.NVIC_Init)
    i.NVIC_SetPriority                       0x08000818   Section        0  main.o(i.NVIC_SetPriority)
    NVIC_SetPriority                         0x08000819   Thumb Code   110  main.o(i.NVIC_SetPriority)
    i.PendSV_Handler                         0x08000890   Section        0  stm32f0xx_it.o(i.PendSV_Handler)
    i.RCC_AHBPeriphClockCmd                  0x08000894   Section        0  stm32f0xx_rcc.o(i.RCC_AHBPeriphClockCmd)
    i.RCC_APB1PeriphClockCmd                 0x080008b4   Section        0  stm32f0xx_rcc.o(i.RCC_APB1PeriphClockCmd)
    i.RCC_APB1PeriphResetCmd                 0x080008d4   Section        0  stm32f0xx_rcc.o(i.RCC_APB1PeriphResetCmd)
    i.RCC_APB2PeriphClockCmd                 0x080008f4   Section        0  stm32f0xx_rcc.o(i.RCC_APB2PeriphClockCmd)
    i.RCC_APB2PeriphResetCmd                 0x08000914   Section        0  stm32f0xx_rcc.o(i.RCC_APB2PeriphResetCmd)
    i.ResetKeyStructure                      0x08000934   Section        0  key.o(i.ResetKeyStructure)
    ResetKeyStructure                        0x08000935   Thumb Code    56  key.o(i.ResetKeyStructure)
    i.SPI1_Config                            0x08000970   Section        0  main.o(i.SPI1_Config)
    SPI1_Config                              0x08000971   Thumb Code   152  main.o(i.SPI1_Config)
    i.SPICS1_Config                          0x08000a10   Section        0  main.o(i.SPICS1_Config)
    i.SPICS2_Config                          0x08000a48   Section        0  main.o(i.SPICS2_Config)
    i.SPI_Cmd                                0x08000a80   Section        0  stm32f0xx_spi.o(i.SPI_Cmd)
    i.SPI_I2S_DeInit                         0x08000a9c   Section        0  stm32f0xx_spi.o(i.SPI_I2S_DeInit)
    i.SPI_I2S_GetFlagStatus                  0x08000ad8   Section        0  stm32f0xx_spi.o(i.SPI_I2S_GetFlagStatus)
    i.SPI_I2S_SendData16                     0x08000aec   Section        0  stm32f0xx_spi.o(i.SPI_I2S_SendData16)
    i.SPI_Init                               0x08000af0   Section        0  stm32f0xx_spi.o(i.SPI_Init)
    i.SVC_Handler                            0x08000b48   Section        0  stm32f0xx_it.o(i.SVC_Handler)
    i.SYSCFG_EXTILineConfig                  0x08000b4c   Section        0  stm32f0xx_syscfg.o(i.SYSCFG_EXTILineConfig)
    i.SetKeyColumnAsEXTI                     0x08000b8c   Section        0  key.o(i.SetKeyColumnAsEXTI)
    SetKeyColumnAsEXTI                       0x08000b8d   Thumb Code   116  key.o(i.SetKeyColumnAsEXTI)
    i.SetKeyColumnAsInput                    0x08000c04   Section        0  key.o(i.SetKeyColumnAsInput)
    SetKeyColumnAsInput                      0x08000c05   Thumb Code   114  key.o(i.SetKeyColumnAsInput)
    i.SetSysClock                            0x08000c7c   Section        0  system_stm32f0xx.o(i.SetSysClock)
    SetSysClock                              0x08000c7d   Thumb Code   206  system_stm32f0xx.o(i.SetSysClock)
    i.SysTick_Handler                        0x08000d54   Section        0  stm32f0xx_it.o(i.SysTick_Handler)
    i.SystemInit                             0x08000d6c   Section        0  system_stm32f0xx.o(i.SystemInit)
    i.TIM3_IRQHandler                        0x08000de8   Section        0  stm32f0xx_it.o(i.TIM3_IRQHandler)
    i.TIM_ClearITPendingBit                  0x08000e08   Section        0  stm32f0xx_tim.o(i.TIM_ClearITPendingBit)
    i.TIM_Cmd                                0x08000e10   Section        0  stm32f0xx_tim.o(i.TIM_Cmd)
    i.TIM_Config                             0x08000e2c   Section        0  main.o(i.TIM_Config)
    TIM_Config                               0x08000e2d   Thumb Code   156  main.o(i.TIM_Config)
    i.TIM_GetITStatus                        0x08000ed8   Section        0  stm32f0xx_tim.o(i.TIM_GetITStatus)
    i.TIM_ITConfig                           0x08000efe   Section        0  stm32f0xx_tim.o(i.TIM_ITConfig)
    i.TIM_OC1Init                            0x08000f14   Section        0  stm32f0xx_tim.o(i.TIM_OC1Init)
    i.TIM_OC1PreloadConfig                   0x08000fa8   Section        0  stm32f0xx_tim.o(i.TIM_OC1PreloadConfig)
    i.TIM_TimeBaseInit                       0x08000fc0   Section        0  stm32f0xx_tim.o(i.TIM_TimeBaseInit)
    i.TimingDelay_ms_Decrement               0x0800103c   Section        0  main.o(i.TimingDelay_ms_Decrement)
    i.Write_Max7219                          0x08001054   Section        0  main.o(i.Write_Max7219)
    i.Write_Max7219_2                        0x080010dc   Section        0  main.o(i.Write_Max7219_2)
    i.__ARM_common_switch8                   0x08001124   Section        0  main.o(i.__ARM_common_switch8)
    i.__scatterload_copy                     0x08001140   Section       14  handlers.o(i.__scatterload_copy)
    i.__scatterload_null                     0x0800114e   Section        2  handlers.o(i.__scatterload_null)
    i.__scatterload_zeroinit                 0x08001150   Section       14  handlers.o(i.__scatterload_zeroinit)
    i.clear                                  0x0800115e   Section        0  main.o(i.clear)
    i.clear_2                                0x08001194   Section        0  main.o(i.clear_2)
    i.dis_num                                0x080011ac   Section        0  main.o(i.dis_num)
    i.effect                                 0x0800123c   Section        0  main.o(i.effect)
    i.main                                   0x080013d0   Section        0  main.o(i.main)
    i.ran                                    0x08001544   Section        0  main.o(i.ran)
    i.runcircle                              0x0800155c   Section        0  main.o(i.runcircle)
    i.stop                                   0x08001654   Section        0  main.o(i.stop)
    .constdata                               0x08001694   Section       24  key.o(.constdata)
    .data                                    0x20000000   Section       20  system_stm32f0xx.o(.data)
    .data                                    0x20000014   Section      170  main.o(.data)
    TimingDelay                              0x20000094   Data           4  main.o(.data)
    TimingDelay_ms                           0x20000098   Data           4  main.o(.data)
    .data                                    0x200000c0   Section       39  key.o(.data)
    KeyMatrix                                0x200000c0   Data           9  key.o(.data)
    .bss                                     0x200000e8   Section       18  main.o(.bss)
    .bss                                     0x200000fc   Section      100  key.o(.bss)
    STACK                                    0x20000160   Section     1024  startup_stm32f030.o(STACK)

    Global Symbols

    Symbol Name                              Value     Ov Type        Size  Object(Section)

    BuildAttributes$$THM_ISAv3M$S$PE$A:L22$X:L11$S22$IEEE1$IW$USESV6$~STKCKD$USESV7$~SHL$OSPACE$EBA8$MICROLIB$REQ8$PRES8$EABIv2 0x00000000   Number         0  anon$$obj.o ABSOLUTE
    __ARM_use_no_argv                        0x00000000   Number         0  main.o ABSOLUTE
    __cpp_initialize__aeabi_                  - Undefined Weak Reference
    __cxa_finalize                            - Undefined Weak Reference
    __decompress                              - Undefined Weak Reference
    _clock_init                               - Undefined Weak Reference
    _microlib_exit                            - Undefined Weak Reference
    __Vectors_Size                           0x000000b4   Number         0  startup_stm32f030.o ABSOLUTE
    __Vectors                                0x08000000   Data           4  startup_stm32f030.o(RESET)
    __Vectors_End                            0x080000b4   Data           0  startup_stm32f030.o(RESET)
    __main                                   0x080000b5   Thumb Code     0  entry.o(.ARM.Collect$$$$00000000)
    _main_stk                                0x080000b5   Thumb Code     0  entry2.o(.ARM.Collect$$$$00000001)
    _main_scatterload                        0x080000b9   Thumb Code     0  entry5.o(.ARM.Collect$$$$00000004)
    __main_after_scatterload                 0x080000bd   Thumb Code     0  entry5.o(.ARM.Collect$$$$00000004)
    _main_clock                              0x080000bd   Thumb Code     0  entry7b.o(.ARM.Collect$$$$00000008)
    _main_cpp_init                           0x080000bd   Thumb Code     0  entry8b.o(.ARM.Collect$$$$0000000A)
    _main_init                               0x080000bd   Thumb Code     0  entry9a.o(.ARM.Collect$$$$0000000B)
    __rt_final_cpp                           0x080000c5   Thumb Code     0  entry10a.o(.ARM.Collect$$$$0000000D)
    __rt_final_exit                          0x080000c5   Thumb Code     0  entry11a.o(.ARM.Collect$$$$0000000F)
    Reset_Handler                            0x080000c9   Thumb Code    38  startup_stm32f030.o(.text)
    ADC1_IRQHandler                          0x080000f9   Thumb Code     0  startup_stm32f030.o(.text)
    DMA1_Channel1_IRQHandler                 0x080000f9   Thumb Code     0  startup_stm32f030.o(.text)
    DMA1_Channel2_3_IRQHandler               0x080000f9   Thumb Code     0  startup_stm32f030.o(.text)
    DMA1_Channel4_5_IRQHandler               0x080000f9   Thumb Code     0  startup_stm32f030.o(.text)
    EXTI0_1_IRQHandler                       0x080000f9   Thumb Code     0  startup_stm32f030.o(.text)
    EXTI2_3_IRQHandler                       0x080000f9   Thumb Code     0  startup_stm32f030.o(.text)
    FLASH_IRQHandler                         0x080000f9   Thumb Code     0  startup_stm32f030.o(.text)
    I2C1_IRQHandler                          0x080000f9   Thumb Code     0  startup_stm32f030.o(.text)
    I2C2_IRQHandler                          0x080000f9   Thumb Code     0  startup_stm32f030.o(.text)
    RCC_IRQHandler                           0x080000f9   Thumb Code     0  startup_stm32f030.o(.text)
    RTC_IRQHandler                           0x080000f9   Thumb Code     0  startup_stm32f030.o(.text)
    SPI1_IRQHandler                          0x080000f9   Thumb Code     0  startup_stm32f030.o(.text)
    SPI2_IRQHandler                          0x080000f9   Thumb Code     0  startup_stm32f030.o(.text)
    TIM14_IRQHandler                         0x080000f9   Thumb Code     0  startup_stm32f030.o(.text)
    TIM15_IRQHandler                         0x080000f9   Thumb Code     0  startup_stm32f030.o(.text)
    TIM16_IRQHandler                         0x080000f9   Thumb Code     0  startup_stm32f030.o(.text)
    TIM17_IRQHandler                         0x080000f9   Thumb Code     0  startup_stm32f030.o(.text)
    TIM1_BRK_UP_TRG_COM_IRQHandler           0x080000f9   Thumb Code     0  startup_stm32f030.o(.text)
    TIM1_CC_IRQHandler                       0x080000f9   Thumb Code     0  startup_stm32f030.o(.text)
    USART1_IRQHandler                        0x080000f9   Thumb Code     0  startup_stm32f030.o(.text)
    USART2_IRQHandler                        0x080000f9   Thumb Code     0  startup_stm32f030.o(.text)
    WWDG_IRQHandler                          0x080000f9   Thumb Code     0  startup_stm32f030.o(.text)
    __aeabi_uidiv                            0x08000121   Thumb Code     0  uidiv.o(.text)
    __aeabi_uidivmod                         0x08000121   Thumb Code    44  uidiv.o(.text)
    __aeabi_idiv                             0x0800014d   Thumb Code     0  idiv.o(.text)
    __aeabi_idivmod                          0x0800014d   Thumb Code    40  idiv.o(.text)
    __aeabi_memset                           0x08000175   Thumb Code    14  memseta.o(.text)
    __aeabi_memset4                          0x08000175   Thumb Code     0  memseta.o(.text)
    __aeabi_memset8                          0x08000175   Thumb Code     0  memseta.o(.text)
    __aeabi_memclr                           0x08000183   Thumb Code     4  memseta.o(.text)
    __aeabi_memclr4                          0x08000183   Thumb Code     0  memseta.o(.text)
    __aeabi_memclr8                          0x08000183   Thumb Code     0  memseta.o(.text)
    _memset$wrapper                          0x08000187   Thumb Code    18  memseta.o(.text)
    __scatterload                            0x08000199   Thumb Code    28  init.o(.text)
    __scatterload_rt2                        0x08000199   Thumb Code     0  init.o(.text)
    Delay_ms                                 0x080001bd   Thumb Code    20  main.o(i.Delay_ms)
    EXTI4_15_IRQHandler                      0x080001d5   Thumb Code    92  stm32f0xx_it.o(i.EXTI4_15_IRQHandler)
    EXTI_ClearITPendingBit                   0x08000231   Thumb Code     6  stm32f0xx_exti.o(i.EXTI_ClearITPendingBit)
    EXTI_GetITStatus                         0x0800023d   Thumb Code    22  stm32f0xx_exti.o(i.EXTI_GetITStatus)
    EXTI_Init                                0x08000259   Thumb Code   132  stm32f0xx_exti.o(i.EXTI_Init)
    GPIO_Init                                0x080002e1   Thumb Code   144  stm32f0xx_gpio.o(i.GPIO_Init)
    GPIO_PinAFConfig                         0x08000371   Thumb Code    68  stm32f0xx_gpio.o(i.GPIO_PinAFConfig)
    GPIO_ReadInputDataBit                    0x080003b5   Thumb Code    20  stm32f0xx_gpio.o(i.GPIO_ReadInputDataBit)
    GPIO_ResetBits                           0x080003c9   Thumb Code     4  stm32f0xx_gpio.o(i.GPIO_ResetBits)
    GPIO_SCAN_Config                         0x080003cd   Thumb Code    52  main.o(i.GPIO_SCAN_Config)
    GPIO_SetBits                             0x08000409   Thumb Code     4  stm32f0xx_gpio.o(i.GPIO_SetBits)
    GetKey                                   0x0800040d   Thumb Code    18  key.o(i.GetKey)
    HAL_GPIO_EXTI_Callback                   0x08000425   Thumb Code   160  key.o(i.HAL_GPIO_EXTI_Callback)
    HAL_TIM_PeriodElapsedCallback            0x080004d5   Thumb Code   546  key.o(i.HAL_TIM_PeriodElapsedCallback)
    HardFault_Handler                        0x08000729   Thumb Code     4  stm32f0xx_it.o(i.HardFault_Handler)
    Key_Init                                 0x0800072d   Thumb Code    12  key.o(i.Key_Init)
    Max7219_2_Init                           0x08000739   Thumb Code    48  main.o(i.Max7219_2_Init)
    Max7219_Init                             0x08000769   Thumb Code    62  main.o(i.Max7219_Init)
    NMI_Handler                              0x080007a7   Thumb Code     2  stm32f0xx_it.o(i.NMI_Handler)
    NVIC_Init                                0x080007a9   Thumb Code   106  stm32f0xx_misc.o(i.NVIC_Init)
    PendSV_Handler                           0x08000891   Thumb Code     2  stm32f0xx_it.o(i.PendSV_Handler)
    RCC_AHBPeriphClockCmd                    0x08000895   Thumb Code    28  stm32f0xx_rcc.o(i.RCC_AHBPeriphClockCmd)
    RCC_APB1PeriphClockCmd                   0x080008b5   Thumb Code    28  stm32f0xx_rcc.o(i.RCC_APB1PeriphClockCmd)
    RCC_APB1PeriphResetCmd                   0x080008d5   Thumb Code    28  stm32f0xx_rcc.o(i.RCC_APB1PeriphResetCmd)
    RCC_APB2PeriphClockCmd                   0x080008f5   Thumb Code    28  stm32f0xx_rcc.o(i.RCC_APB2PeriphClockCmd)
    RCC_APB2PeriphResetCmd                   0x08000915   Thumb Code    28  stm32f0xx_rcc.o(i.RCC_APB2PeriphResetCmd)
    SPICS1_Config                            0x08000a11   Thumb Code    52  main.o(i.SPICS1_Config)
    SPICS2_Config                            0x08000a49   Thumb Code    48  main.o(i.SPICS2_Config)
    SPI_Cmd                                  0x08000a81   Thumb Code    24  stm32f0xx_spi.o(i.SPI_Cmd)
    SPI_I2S_DeInit                           0x08000a9d   Thumb Code    52  stm32f0xx_spi.o(i.SPI_I2S_DeInit)
    SPI_I2S_GetFlagStatus                    0x08000ad9   Thumb Code    20  stm32f0xx_spi.o(i.SPI_I2S_GetFlagStatus)
    SPI_I2S_SendData16                       0x08000aed   Thumb Code     4  stm32f0xx_spi.o(i.SPI_I2S_SendData16)
    SPI_Init                                 0x08000af1   Thumb Code    76  stm32f0xx_spi.o(i.SPI_Init)
    SVC_Handler                              0x08000b49   Thumb Code     2  stm32f0xx_it.o(i.SVC_Handler)
    SYSCFG_EXTILineConfig                    0x08000b4d   Thumb Code    60  stm32f0xx_syscfg.o(i.SYSCFG_EXTILineConfig)
    SysTick_Handler                          0x08000d55   Thumb Code    18  stm32f0xx_it.o(i.SysTick_Handler)
    SystemInit                               0x08000d6d   Thumb Code   110  system_stm32f0xx.o(i.SystemInit)
    TIM3_IRQHandler                          0x08000de9   Thumb Code    28  stm32f0xx_it.o(i.TIM3_IRQHandler)
    TIM_ClearITPendingBit                    0x08000e09   Thumb Code     6  stm32f0xx_tim.o(i.TIM_ClearITPendingBit)
    TIM_Cmd                                  0x08000e11   Thumb Code    24  stm32f0xx_tim.o(i.TIM_Cmd)
    TIM_GetITStatus                          0x08000ed9   Thumb Code    38  stm32f0xx_tim.o(i.TIM_GetITStatus)
    TIM_ITConfig                             0x08000eff   Thumb Code    20  stm32f0xx_tim.o(i.TIM_ITConfig)
    TIM_OC1Init                              0x08000f15   Thumb Code   122  stm32f0xx_tim.o(i.TIM_OC1Init)
    TIM_OC1PreloadConfig                     0x08000fa9   Thumb Code    20  stm32f0xx_tim.o(i.TIM_OC1PreloadConfig)
    TIM_TimeBaseInit                         0x08000fc1   Thumb Code    90  stm32f0xx_tim.o(i.TIM_TimeBaseInit)
    TimingDelay_ms_Decrement                 0x0800103d   Thumb Code    20  main.o(i.TimingDelay_ms_Decrement)
    Write_Max7219                            0x08001055   Thumb Code   126  main.o(i.Write_Max7219)
    Write_Max7219_2                          0x080010dd   Thumb Code    58  main.o(i.Write_Max7219_2)
    __ARM_common_switch8                     0x08001125   Thumb Code    28  main.o(i.__ARM_common_switch8)
    __scatterload_copy                       0x08001141   Thumb Code    14  handlers.o(i.__scatterload_copy)
    __scatterload_null                       0x0800114f   Thumb Code     2  handlers.o(i.__scatterload_null)
    __scatterload_zeroinit                   0x08001151   Thumb Code    14  handlers.o(i.__scatterload_zeroinit)
    clear                                    0x0800115f   Thumb Code    54  main.o(i.clear)
    clear_2                                  0x08001195   Thumb Code    24  main.o(i.clear_2)
    dis_num                                  0x080011ad   Thumb Code   144  main.o(i.dis_num)
    effect                                   0x0800123d   Thumb Code   398  main.o(i.effect)
    main                                     0x080013d1   Thumb Code   342  main.o(i.main)
    ran                                      0x08001545   Thumb Code    18  main.o(i.ran)
    runcircle                                0x0800155d   Thumb Code   240  main.o(i.runcircle)
    stop                                     0x08001655   Thumb Code    54  main.o(i.stop)
    ROW_GPIO_Pin                             0x08001694   Data          12  key.o(.constdata)
    COL_GPIO_Pin                             0x080016a0   Data          12  key.o(.constdata)
    Region$$Table$$Base                      0x080016ac   Number         0  anon$$obj.o(Region$$Table)
    Region$$Table$$Limit                     0x080016cc   Number         0  anon$$obj.o(Region$$Table)
    SystemCoreClock                          0x20000000   Data           4  system_stm32f0xx.o(.data)
    AHBPrescTable                            0x20000004   Data          16  system_stm32f0xx.o(.data)
    num                                      0x20000014   Data          80  main.o(.data)
    circle                                   0x20000064   Data          28  main.o(.data)
    GPIO_InitStructure                       0x20000080   Data           8  main.o(.data)
    EXTI_InitStructure                       0x20000088   Data           8  main.o(.data)
    NVIC_InitStructure                       0x20000090   Data           3  main.o(.data)
    Buffer                                   0x2000009c   Data           2  main.o(.data)
    trBuffer                                 0x2000009e   Data           8  main.o(.data)
    count                                    0x200000a6   Data           1  main.o(.data)
    seed                                     0x200000a8   Data           4  main.o(.data)
    stflag                                   0x200000ac   Data           1  main.o(.data)
    exflag                                   0x200000ad   Data           1  main.o(.data)
    btnflag                                  0x200000ae   Data           1  main.o(.data)
    CCR1_Val                                 0x200000b0   Data           2  main.o(.data)
    PrescalerValue                           0x200000b2   Data           2  main.o(.data)
    timcount                                 0x200000b4   Data           1  main.o(.data)
    x                                        0x200000b5   Data           8  main.o(.data)
    t                                        0x200000bd   Data           1  main.o(.data)
    ROW_GPIO_PORT                            0x200000cc   Data          12  key.o(.data)
    COL_GPIO_PORT                            0x200000d8   Data          12  key.o(.data)
    keyScanStep                              0x200000e4   Data           1  key.o(.data)
    Key_Col                                  0x200000e5   Data           1  key.o(.data)
    Key_Row                                  0x200000e6   Data           1  key.o(.data)
    SPI_InitStructure                        0x200000e8   Data          18  main.o(.bss)
    keyStruc                                 0x200000fc   Data         100  key.o(.bss)
    __initial_sp                             0x20000560   Data           0  startup_stm32f030.o(STACK)



==============================================================================

Memory Map of the image

  Image Entry point : 0x080000b5

  Load Region LR_IROM1 (Base: 0x08000000, Size: 0x000017b4, Max: 0x00010000, ABSOLUTE)

    Execution Region ER_IROM1 (Exec base: 0x08000000, Load base: 0x08000000, Size: 0x000016cc, Max: 0x00010000, ABSOLUTE)

    Exec Addr    Load Addr    Size         Type   Attr      Idx    E Section Name        Object

    0x08000000   0x08000000   0x000000b4   Data   RO            3    RESET               startup_stm32f030.o
    0x080000b4   0x080000b4   0x00000000   Code   RO         3725  * .ARM.Collect$$$$00000000  mc_p.l(entry.o)
    0x080000b4   0x080000b4   0x00000004   Code   RO         3738    .ARM.Collect$$$$00000001  mc_p.l(entry2.o)
    0x080000b8   0x080000b8   0x00000004   Code   RO         3741    .ARM.Collect$$$$00000004  mc_p.l(entry5.o)
    0x080000bc   0x080000bc   0x00000000   Code   RO         3743    .ARM.Collect$$$$00000008  mc_p.l(entry7b.o)
    0x080000bc   0x080000bc   0x00000000   Code   RO         3745    .ARM.Collect$$$$0000000A  mc_p.l(entry8b.o)
    0x080000bc   0x080000bc   0x00000008   Code   RO         3746    .ARM.Collect$$$$0000000B  mc_p.l(entry9a.o)
    0x080000c4   0x080000c4   0x00000000   Code   RO         3748    .ARM.Collect$$$$0000000D  mc_p.l(entry10a.o)
    0x080000c4   0x080000c4   0x00000000   Code   RO         3750    .ARM.Collect$$$$0000000F  mc_p.l(entry11a.o)
    0x080000c4   0x080000c4   0x00000004   Code   RO         3739    .ARM.Collect$$$$00002712  mc_p.l(entry2.o)
    0x080000c8   0x080000c8   0x00000058   Code   RO            4    .text               startup_stm32f030.o
    0x08000120   0x08000120   0x0000002c   Code   RO         3728    .text               mc_p.l(uidiv.o)
    0x0800014c   0x0800014c   0x00000028   Code   RO         3730    .text               mc_p.l(idiv.o)
    0x08000174   0x08000174   0x00000024   Code   RO         3734    .text               mc_p.l(memseta.o)
    0x08000198   0x08000198   0x00000024   Code   RO         3752    .text               mc_p.l(init.o)
    0x080001bc   0x080001bc   0x00000018   Code   RO          137    i.Delay_ms          main.o
    0x080001d4   0x080001d4   0x0000005c   Code   RO          355    i.EXTI4_15_IRQHandler  stm32f0xx_it.o
    0x08000230   0x08000230   0x0000000c   Code   RO          755    i.EXTI_ClearITPendingBit  stm32f0xx_exti.o
    0x0800023c   0x0800023c   0x0000001c   Code   RO          759    i.EXTI_GetITStatus  stm32f0xx_exti.o
    0x08000258   0x08000258   0x00000088   Code   RO          760    i.EXTI_Init         stm32f0xx_exti.o
    0x080002e0   0x080002e0   0x00000090   Code   RO         2554    i.GPIO_Init         stm32f0xx_gpio.o
    0x08000370   0x08000370   0x00000044   Code   RO         2555    i.GPIO_PinAFConfig  stm32f0xx_gpio.o
    0x080003b4   0x080003b4   0x00000014   Code   RO         2558    i.GPIO_ReadInputDataBit  stm32f0xx_gpio.o
    0x080003c8   0x080003c8   0x00000004   Code   RO         2561    i.GPIO_ResetBits    stm32f0xx_gpio.o
    0x080003cc   0x080003cc   0x0000003c   Code   RO          140    i.GPIO_SCAN_Config  main.o
    0x08000408   0x08000408   0x00000004   Code   RO         2562    i.GPIO_SetBits      stm32f0xx_gpio.o
    0x0800040c   0x0800040c   0x00000018   Code   RO          523    i.GetKey            key.o
    0x08000424   0x08000424   0x000000b0   Code   RO          524    i.HAL_GPIO_EXTI_Callback  key.o
    0x080004d4   0x080004d4   0x00000254   Code   RO          525    i.HAL_TIM_PeriodElapsedCallback  key.o
    0x08000728   0x08000728   0x00000004   Code   RO          356    i.HardFault_Handler  stm32f0xx_it.o
    0x0800072c   0x0800072c   0x0000000c   Code   RO          531    i.Key_Init          key.o
    0x08000738   0x08000738   0x00000030   Code   RO          141    i.Max7219_2_Init    main.o
    0x08000768   0x08000768   0x0000003e   Code   RO          142    i.Max7219_Init      main.o
    0x080007a6   0x080007a6   0x00000002   Code   RO          357    i.NMI_Handler       stm32f0xx_it.o
    0x080007a8   0x080007a8   0x00000070   Code   RO         3121    i.NVIC_Init         stm32f0xx_misc.o
    0x08000818   0x08000818   0x00000078   Code   RO          143    i.NVIC_SetPriority  main.o
    0x08000890   0x08000890   0x00000002   Code   RO          358    i.PendSV_Handler    stm32f0xx_it.o
    0x08000892   0x08000892   0x00000002   PAD
    0x08000894   0x08000894   0x00000020   Code   RO         1867    i.RCC_AHBPeriphClockCmd  stm32f0xx_rcc.o
    0x080008b4   0x080008b4   0x00000020   Code   RO         1869    i.RCC_APB1PeriphClockCmd  stm32f0xx_rcc.o
    0x080008d4   0x080008d4   0x00000020   Code   RO         1870    i.RCC_APB1PeriphResetCmd  stm32f0xx_rcc.o
    0x080008f4   0x080008f4   0x00000020   Code   RO         1871    i.RCC_APB2PeriphClockCmd  stm32f0xx_rcc.o
    0x08000914   0x08000914   0x00000020   Code   RO         1872    i.RCC_APB2PeriphResetCmd  stm32f0xx_rcc.o
    0x08000934   0x08000934   0x0000003c   Code   RO          532    i.ResetKeyStructure  key.o
    0x08000970   0x08000970   0x000000a0   Code   RO          144    i.SPI1_Config       main.o
    0x08000a10   0x08000a10   0x00000038   Code   RO          145    i.SPICS1_Config     main.o
    0x08000a48   0x08000a48   0x00000038   Code   RO          146    i.SPICS2_Config     main.o
    0x08000a80   0x08000a80   0x0000001c   Code   RO          902    i.SPI_Cmd           stm32f0xx_spi.o
    0x08000a9c   0x08000a9c   0x0000003c   Code   RO          910    i.SPI_I2S_DeInit    stm32f0xx_spi.o
    0x08000ad8   0x08000ad8   0x00000014   Code   RO          911    i.SPI_I2S_GetFlagStatus  stm32f0xx_spi.o
    0x08000aec   0x08000aec   0x00000004   Code   RO          915    i.SPI_I2S_SendData16  stm32f0xx_spi.o
    0x08000af0   0x08000af0   0x00000058   Code   RO          916    i.SPI_Init          stm32f0xx_spi.o
    0x08000b48   0x08000b48   0x00000002   Code   RO          359    i.SVC_Handler       stm32f0xx_it.o
    0x08000b4a   0x08000b4a   0x00000002   PAD
    0x08000b4c   0x08000b4c   0x00000040   Code   RO          826    i.SYSCFG_EXTILineConfig  stm32f0xx_syscfg.o
    0x08000b8c   0x08000b8c   0x00000078   Code   RO          533    i.SetKeyColumnAsEXTI  key.o
    0x08000c04   0x08000c04   0x00000078   Code   RO          534    i.SetKeyColumnAsInput  key.o
    0x08000c7c   0x08000c7c   0x000000d8   Code   RO           12    i.SetSysClock       system_stm32f0xx.o
    0x08000d54   0x08000d54   0x00000018   Code   RO          360    i.SysTick_Handler   stm32f0xx_it.o
    0x08000d6c   0x08000d6c   0x0000007c   Code   RO           14    i.SystemInit        system_stm32f0xx.o
    0x08000de8   0x08000de8   0x00000020   Code   RO          361    i.TIM3_IRQHandler   stm32f0xx_it.o
    0x08000e08   0x08000e08   0x00000006   Code   RO         3167    i.TIM_ClearITPendingBit  stm32f0xx_tim.o
    0x08000e0e   0x08000e0e   0x00000002   PAD
    0x08000e10   0x08000e10   0x0000001c   Code   RO         3172    i.TIM_Cmd           stm32f0xx_tim.o
    0x08000e2c   0x08000e2c   0x000000ac   Code   RO          147    i.TIM_Config        main.o
    0x08000ed8   0x08000ed8   0x00000026   Code   RO         3193    i.TIM_GetITStatus   stm32f0xx_tim.o
    0x08000efe   0x08000efe   0x00000014   Code   RO         3197    i.TIM_ITConfig      stm32f0xx_tim.o
    0x08000f12   0x08000f12   0x00000002   PAD
    0x08000f14   0x08000f14   0x00000094   Code   RO         3201    i.TIM_OC1Init       stm32f0xx_tim.o
    0x08000fa8   0x08000fa8   0x00000018   Code   RO         3204    i.TIM_OC1PreloadConfig  stm32f0xx_tim.o
    0x08000fc0   0x08000fc0   0x0000007c   Code   RO         3245    i.TIM_TimeBaseInit  stm32f0xx_tim.o
    0x0800103c   0x0800103c   0x00000018   Code   RO          148    i.TimingDelay_ms_Decrement  main.o
    0x08001054   0x08001054   0x00000088   Code   RO          149    i.Write_Max7219     main.o
    0x080010dc   0x080010dc   0x00000048   Code   RO          150    i.Write_Max7219_2   main.o
    0x08001124   0x08001124   0x0000001c   Code   RO          298    i.__ARM_common_switch8  main.o
    0x08001140   0x08001140   0x0000000e   Code   RO         3756    i.__scatterload_copy  mc_p.l(handlers.o)
    0x0800114e   0x0800114e   0x00000002   Code   RO         3757    i.__scatterload_null  mc_p.l(handlers.o)
    0x08001150   0x08001150   0x0000000e   Code   RO         3758    i.__scatterload_zeroinit  mc_p.l(handlers.o)
    0x0800115e   0x0800115e   0x00000036   Code   RO          151    i.clear             main.o
    0x08001194   0x08001194   0x00000018   Code   RO          152    i.clear_2           main.o
    0x080011ac   0x080011ac   0x00000090   Code   RO          153    i.dis_num           main.o
    0x0800123c   0x0800123c   0x00000194   Code   RO          154    i.effect            main.o
    0x080013d0   0x080013d0   0x00000174   Code   RO          155    i.main              main.o
    0x08001544   0x08001544   0x00000018   Code   RO          156    i.ran               main.o
    0x0800155c   0x0800155c   0x000000f8   Code   RO          157    i.runcircle         main.o
    0x08001654   0x08001654   0x00000040   Code   RO          160    i.stop              main.o
    0x08001694   0x08001694   0x00000018   Data   RO          536    .constdata          key.o
    0x080016ac   0x080016ac   0x00000020   Data   RO         3754    Region$$Table       anon$$obj.o


    Execution Region RW_IRAM1 (Exec base: 0x20000000, Load base: 0x080016cc, Size: 0x00000560, Max: 0x00002000, ABSOLUTE)

    Exec Addr    Load Addr    Size         Type   Attr      Idx    E Section Name        Object

    0x20000000   0x080016cc   0x00000014   Data   RW           15    .data               system_stm32f0xx.o
    0x20000014   0x080016e0   0x000000aa   Data   RW          164    .data               main.o
    0x200000be   0x0800178a   0x00000002   PAD
    0x200000c0   0x0800178c   0x00000027   Data   RW          537    .data               key.o
    0x200000e7   0x080017b3   0x00000001   PAD
    0x200000e8        -       0x00000012   Zero   RW          162    .bss                main.o
    0x200000fa   0x080017b3   0x00000002   PAD
    0x200000fc        -       0x00000064   Zero   RW          535    .bss                key.o
    0x20000160        -       0x00000400   Zero   RW            1    STACK               startup_stm32f030.o


==============================================================================

Image component sizes


      Code (inc. data)   RO Data    RW Data    ZI Data      Debug   Object Name

      1108         86         24         39        100       4990   key.o
      2352        174          0        170         18     183462   main.o
        88         38        180          0       1024        800   startup_stm32f030.o
       176         16          0          0          0       5344   stm32f0xx_exti.o
       240          0          0          0          0       8483   stm32f0xx_gpio.o
       158         10          0          0          0       3175   stm32f0xx_it.o
       112          6          0          0          0       2216   stm32f0xx_misc.o
       160         20          0          0          0       3220   stm32f0xx_rcc.o
       200         24          0          0          0      12847   stm32f0xx_spi.o
        64          4          0          0          0        704   stm32f0xx_syscfg.o
       388         68          0          0          0      25623   stm32f0xx_tim.o
       340         24          0         20          0     197649   system_stm32f0xx.o

    ----------------------------------------------------------------------
      5394        470        236        232       1144     448513   Object Totals
         0          0         32          0          0          0   (incl. Generated)
         8          0          0          3          2          0   (incl. Padding)

    ----------------------------------------------------------------------

      Code (inc. data)   RO Data    RW Data    ZI Data      Debug   Library Member Name

         0          0          0          0          0          0   entry.o
         0          0          0          0          0          0   entry10a.o
         0          0          0          0          0          0   entry11a.o
         8          4          0          0          0          0   entry2.o
         4          0          0          0          0          0   entry5.o
         0          0          0          0          0          0   entry7b.o
         0          0          0          0          0          0   entry8b.o
         8          4          0          0          0          0   entry9a.o
        30          0          0          0          0          0   handlers.o
        40          0          0          0          0         72   idiv.o
        36          8          0          0          0         68   init.o
        36          0          0          0          0        100   memseta.o
        44          0          0          0          0         72   uidiv.o

    ----------------------------------------------------------------------
       206         16          0          0          0        312   Library Totals
         0          0          0          0          0          0   (incl. Padding)

    ----------------------------------------------------------------------

      Code (inc. data)   RO Data    RW Data    ZI Data      Debug   Library Name

       206         16          0          0          0        312   mc_p.l

    ----------------------------------------------------------------------
       206         16          0          0          0        312   Library Totals

    ----------------------------------------------------------------------

==============================================================================


      Code (inc. data)   RO Data    RW Data    ZI Data      Debug   

      5600        486        236        232       1144     446293   Grand Totals
      5600        486        236        232       1144     446293   ELF Image Totals
      5600        486        236        232          0          0   ROM Totals

==============================================================================

    Total RO  Size (Code + RO Data)                 5836 (   5.70kB)
    Total RW  Size (RW Data + ZI Data)              1376 (   1.34kB)
    Total ROM Size (Code + RO Data + RW Data)       6068 (   5.93kB)

==============================================================================

